******************************************************************************
                  TI ARM Linker Unix v20.2.5                   
******************************************************************************
>> Linked Tue Dec 28 04:09:51 2021

OUTPUT FILE NAME:   <i2ctmp006_EK_TM4C123GXL_TI.out>
ENTRY POINT SYMBOL: "_c_int00"  address: 00004661


MEMORY CONFIGURATION

         name            origin    length      used     unused   attr    fill
----------------------  --------  ---------  --------  --------  ----  --------
  FLASH                 00000000   00040000  00008328  00037cd8  R  X
  SRAM                  20000000   00008000  00003456  00004baa  RW X


SEGMENT ALLOCATION MAP

run origin  load origin   length   init length attrs members
----------  ----------- ---------- ----------- ----- -------
00000000    00000000    00008330   00008330    r-x
  00000000    00000000    0000003c   0000003c    r-- .resetVecs
  00000040    00000040    000061d2   000061d2    r-x .text
  00006214    00006214    00001f12   00001f12    r-- .const
  00008128    00008128    00000208   00000208    r-- .cinit
20000000    20000000    00003458   00000000    rw-
  20000000    20000000    00000360   00000000    rw- .vecs
  20000360    20000360    000029ec   00000000    rw- .bss
  20002d4c    20002d4c    0000040a   00000000    rw- .data
  20003158    20003158    00000300   00000000    rw- .stack


SECTION ALLOCATION MAP

 output                                  attributes/
section   page    origin      length       input sections
--------  ----  ----------  ----------   ----------------
.text      0    00000040    000061d2     
                  00000040    0000144c     i2ctmp006.obj (.text:taskFxn)
                  0000148c    00000004     driverlib.lib : i2c.obj (.text:I2CMasterControl)
                  00001490    00000430     sysbios.aem4f : BIOS.obj (.text:ti_sysbios_family_arm_m3_Hwi_excDumpRegs__I)
                  000018c0    0000034c     ti.targets.arm.rtsarm.aem4f : System.oem4f (.text:xdc_runtime_System_doPrint__I)
                  00001c0c    00000004     driverlib.lib : i2c.obj (.text:I2CMasterDataGet)
                  00001c10    000001f4     sysbios.aem4f : BIOS.obj (.text:ti_sysbios_family_arm_m3_Hwi_excHandlerMax__I)
                  00001e04    00000004     driverlib.lib : i2c.obj (.text:I2CMasterDataPut)
                  00001e08    00000174     sysbios.aem4f : BIOS.obj (.text:ti_sysbios_family_arm_m3_Hwi_excBusFault__I)
                  00001f7c    00000004     rtsv7M4_T_le_v4SPD16_eabi.lib : exit.c.obj (.text:abort:abort)
                  00001f80    00000164     sysbios.aem4f : BIOS.obj (.text:ti_sysbios_family_arm_m3_Hwi_excUsageFault__I)
                  000020e4    00000004     i2ctmp006_pem4f.oem4f (.text:ti_sysbios_BIOS_RtsGateProxy_enter__E)
                  000020e8    00000154     sysbios.aem4f : BIOS.obj (.text:ti_sysbios_knl_Semaphore_pend__E)
                  0000223c    00000150     drivers_tivaware.aem4f : GPIOTiva.oem4f (.text:GPIO_setConfig)
                  0000238c    00000004     i2ctmp006_pem4f.oem4f (.text:ti_sysbios_BIOS_RtsGateProxy_leave__E)
                  00002390    00000148     sysbios.aem4f : BIOS.obj (.text:ti_sysbios_family_arm_m3_Hwi_excMemFault__I)
                  000024d8    00000130     driverlib.lib : gpio.obj (.text:GPIOPadConfigSet)
                  00002608    00000118     ti.targets.arm.rtsarm.aem4f : Error.oem4f (.text:xdc_runtime_Error_policyDefault__E)
                  00002720    00000108     sysbios.aem4f : BIOS.obj (.text:ti_sysbios_family_arm_lm4_Timer_start__E)
                  00002828    00000100     Boot.aem4f : Boot_sysctl.oem4f (.text:ti_catalog_arm_cortexm4_tiva_ce_Boot_sysCtlClockSetI__I)
                  00002928    00000100     ti.targets.arm.rtsarm.aem4f : Core-mem.oem4f (.text:xdc_runtime_Core_createObject__I)
                  00002a28    000000f8                                 : Startup.oem4f (.text:xdc_runtime_Startup_startMods__I)
                  00002b20    000000f8     i2ctmp006_pem4f.oem4f (.text:xdc_runtime_System_printfExtend__I)
                  00002c18    000000f4     sysbios.aem4f : m3_Hwi_asm.obj (.text:ti_sysbios_family_arm_m3_Hwi_dispatch__I)
                  00002d0c    000000e0     drivers_tivaware.aem4f : I2CTiva.oem4f (.text:I2CTiva_open)
                  00002dec    000000d6                            : I2CTiva.oem4f (.text:I2CTiva_hwiFxn)
                  00002ec2    00000006     driverlib.lib : gpio.obj (.text:GPIOIntClear)
                  00002ec8    000000d4     sysbios.aem4f : BIOS.obj (.text:ti_sysbios_heaps_HeapMem_alloc__E)
                  00002f9c    00000004                   : BIOS.obj (.text:ti_sysbios_family_arm_lm4_Timer_masterEnable__I)
                  00002fa0    000000cc                   : BIOS.obj (.text:ti_sysbios_knl_Task_Instance_init__E)
                  0000306c    000000cc     ti.targets.arm.rtsarm.aem4f : Core-smem.oem4f (.text:xdc_runtime_Core_constructObject__I)
                  00003138    000000c4     i2ctmp006.obj (.text:main)
                  000031fc    00000004     i2ctmp006_pem4f.oem4f (.text:ti_sysbios_family_arm_m3_Hwi_destruct)
                  00003200    000000bc     sysbios.aem4f : BIOS.obj (.text:ti_sysbios_family_arm_m3_Hwi_excDebugMon__I)
                  000032bc    00000004     i2ctmp006_pem4f.oem4f (.text:ti_sysbios_family_arm_m3_TaskSupport_Module__startupDone__S)
                  000032c0    000000bc     sysbios.aem4f : BIOS.obj (.text:ti_sysbios_family_arm_m3_Hwi_excHardFault__I)
                  0000337c    00000004     i2ctmp006_pem4f.oem4f (.text:ti_sysbios_heaps_HeapMem_Module_GateProxy_enter__E)
                  00003380    000000bc     sysbios.aem4f : BIOS.obj (.text:ti_sysbios_knl_Task_Instance_finalize__E)
                  0000343c    00000004     i2ctmp006_pem4f.oem4f (.text:ti_sysbios_heaps_HeapMem_Module_GateProxy_leave__E)
                  00003440    000000b4     sysbios.aem4f : BIOS.obj (.text:ti_sysbios_knl_Task_checkStacks__E)
                  000034f4    00000004     i2ctmp006_pem4f.oem4f (.text:ti_sysbios_knl_Clock_TimerProxy_getMaxTicks__E)
                  000034f8    000000ac     sysbios.aem4f : BIOS.obj (.text:ti_sysbios_family_arm_lm4_Timer_enableTiva__I)
                  000035a4    000000a0     auto_init.aem4f : auto_init.oem4f (.text)
                  00003644    000000a0     ti.targets.arm.rtsarm.aem4f : Text.oem4f (.text:xdc_runtime_Text_putMod__E)
                  000036e4    0000009c     rtsv7M4_T_le_v4SPD16_eabi.lib : memcpy_t2.asm.obj (.text)
                  00003780    0000009a     ti.targets.arm.rtsarm.aem4f : Text.oem4f (.text:xdc_runtime_Text_putSite__E)
                  0000381a    00000002     rtsv7M4_T_le_v4SPD16_eabi.lib : _lock.c.obj (.text:_nop)
                  0000381c    00000098     Boot.aem4f : Boot.oem4f (.text:ti_catalog_arm_cortexm4_tiva_ce_Boot_sysCtlClockSet__E)
                  000038b4    00000004     i2ctmp006_pem4f.oem4f (.text:ti_sysbios_knl_Queue_destruct)
                  000038b8    00000094     sysbios.aem4f : BIOS.obj (.text:ti_sysbios_family_arm_m3_Hwi_Instance_init__E)
                  0000394c    00000004     i2ctmp006_pem4f.oem4f (.text:ti_sysbios_knl_Semaphore_destruct)
                  00003950    00000094     sysbios.aem4f : BIOS.obj (.text:ti_sysbios_family_arm_m3_Hwi_initNVIC__E)
                  000039e4    00000004     ti.targets.arm.rtsarm.aem4f : Error.oem4f (.text:xdc_runtime_Error_getSite__E)
                  000039e8    00000094     sysbios.aem4f : BIOS.obj (.text:ti_sysbios_knl_Task_postInit__I)
                  00003a7c    0000008c     drivers_tivaware.aem4f : GPIOTiva.oem4f (.text:GPIO_init)
                  00003b08    0000008c     sysbios.aem4f : m3_TaskSupport_asm.obj (.text:ti_sysbios_family_arm_m3_TaskSupport_buildTaskStack)
                  00003b94    00000004     i2ctmp006_pem4f.oem4f (.text:xdc_runtime_System_Module_GateProxy_enter__E)
                  00003b98    00000084     sysbios.aem4f : BIOS.obj (.text:ti_sysbios_family_arm_m3_Hwi_postInit__I)
                  00003c1c    0000007e     drivers_tivaware.aem4f : I2CTiva.oem4f (.text:I2CTiva_transfer)
                  00003c9a    00000002     rtsv7M4_T_le_v4SPD16_eabi.lib : div0.asm.obj (.text)
                  00003c9c    0000007c     EK_TM4C123GXL.obj (.text:EK_TM4C123GXL_initI2C)
                  00003d18    0000007c     sysbios.aem4f : BIOS.obj (.text:ti_sysbios_heaps_HeapMem_free__E)
                  00003d94    0000007a     rtsv7M4_T_le_v4SPD16_eabi.lib : memset_t2.asm.obj (.text)
                  00003e0e    00000002     i2ctmp006_pem4f.oem4f (.text:ti_sysbios_BIOS_nullFunc__I)
                  00003e10    00000070     sysbios.aem4f : BIOS.obj (.text:ti_sysbios_knl_Clock_workFunc__E)
                  00003e80    00000070                   : BIOS.obj (.text:ti_sysbios_knl_Task_exit__E)
                  00003ef0    0000006d     ti.targets.arm.rtsarm.aem4f : System.oem4f (.text:xdc_runtime_System_formatNum__I)
                  00003f5d    00000001     --HOLE-- [fill = 0]
                  00003f5e    00000002     i2ctmp006_pem4f.oem4f (.text:xdc_runtime_Startup_reset__I)
                  00003f60    0000006c     sysbios.aem4f : BIOS.obj (.text:ti_sysbios_knl_Swi_restoreHwi__E)
                  00003fcc    0000006c     ti.targets.arm.rtsarm.aem4f : Error.oem4f (.text:xdc_runtime_Error_print__E)
                  00004038    0000006c                                 : Memory.oem4f (.text:xdc_runtime_Memory_alloc__E)
                  000040a4    00000068     rtsv7M4_T_le_v4SPD16_eabi.lib : copy_decompress_lzss.c.obj (.text:decompress:lzss:__TI_decompress_lzss)
                  0000410c    00000066     ti.targets.arm.rtsarm.aem4f : Core-mem.oem4f (.text:xdc_runtime_Core_deleteObject__I)
                  00004172    00000002     --HOLE-- [fill = 0]
                  00004174    00000064     drivers_tivaware.aem4f : GPIOTiva.oem4f (.text:GPIO_hwiIntFxn)
                  000041d8    00000064     sysbios.aem4f : BIOS.obj (.text:ti_sysbios_family_arm_lm4_Timer_Module_startup__E)
                  0000423c    00000064     i2ctmp006_pem4f.oem4f (.text:ti_sysbios_family_arm_m3_Hwi_create)
                  000042a0    00000064     sysbios.aem4f : BIOS.obj (.text:ti_sysbios_family_arm_m3_Hwi_dispatchC__I)
                  00004304    00000004     i2ctmp006_pem4f.oem4f (.text:xdc_runtime_System_Module_GateProxy_leave__E)
                  00004308    00000064     sysbios.aem4f : BIOS.obj (.text:ti_sysbios_knl_Semaphore_post__E)
                  0000436c    00000062     drivers_tivaware.aem4f : I2CTiva.oem4f (.text:I2CTiva_primeTransfer)
                  000043ce    00000002     --HOLE-- [fill = 0]
                  000043d0    00000060     sysbios.aem4f : BIOS.obj (.text:ti_sysbios_knl_Task_schedule__I)
                  00004430    0000005c                   : BIOS.obj (.text:ti_sysbios_knl_Swi_run__I)
                  0000448c    00000004     ti.targets.arm.rtsarm.aem4f : System.oem4f (.text:xdc_runtime_System_aprintf_va__F)
                  00004490    0000005c     sysbios.aem4f : BIOS.obj (.text:ti_sysbios_knl_Swi_schedule__I)
                  000044ec    00000004     ti.targets.arm.rtsarm.aem4f : System.oem4f (.text:xdc_runtime_System_printf_va__F)
                  000044f0    0000005c     sysbios.aem4f : BIOS.obj (.text:ti_sysbios_knl_Task_Module_startup__E)
                  0000454c    00000004     --HOLE-- [fill = 0]
                  00004550    0000005c                   : BIOS.obj (.text:ti_sysbios_knl_Task_startCore__E)
                  000045ac    0000005b     ti.targets.arm.rtsarm.aem4f : Text.oem4f (.text:xdc_runtime_Text_putLab__E)
                  00004607    00000001     --HOLE-- [fill = 0]
                  00004608    00000058     rtsv7M4_T_le_v4SPD16_eabi.lib : hostwrite.c.obj (.text:HOSTwrite)
                  00004660    00000058     boot.aem4f : boot.oem4f (.text)
                  000046b8    00000058     i2ctmp006_pem4f.oem4f (.text:ti_sysbios_family_arm_m3_Hwi_construct)
                  00004710    00000058     sysbios.aem4f : m3_Hwi_asm_switch.obj (.text:ti_sysbios_family_arm_m3_Hwi_initStacks__E)
                  00004768    00000056     driverlib.lib : gpio.obj (.text:GPIOIntTypeSet)
                  000047be    00000002     --HOLE-- [fill = 0]
                  000047c0    00000054     sysbios.aem4f : BIOS.obj (.text:ti_sysbios_family_arm_lm4_Timer_initDevice__I)
                  00004814    00000054     i2ctmp006_pem4f.oem4f (.text:ti_sysbios_knl_Task_construct)
                  00004868    00000054     ti.targets.arm.rtsarm.aem4f : Assert.oem4f (.text:xdc_runtime_Assert_raise__I)
                  000048bc    00000050     drivers_tivaware.aem4f : GPIOTiva.oem4f (.text:GPIO_setCallback)
                  0000490c    00000050                            : GPIOTiva.oem4f (.text:GPIO_write)
                  0000495c    00000004     --HOLE-- [fill = 0]
                  00004960    00000050     sysbios.aem4f : BIOS.obj (.text:ti_sysbios_family_arm_m3_Hwi_Module_startup__E)
                  000049b0    00000050     ti.targets.arm.rtsarm.aem4f : Startup.oem4f (.text:xdc_runtime_Startup_exec__E)
                  00004a00    00000050                                 : Text.oem4f (.text:xdc_runtime_Text_visitRope2__I)
                  00004a50    0000004c     rtsv7M4_T_le_v4SPD16_eabi.lib : cpy_tbl.c.obj (.text:copy_in)
                  00004a9c    00000004     --HOLE-- [fill = 0]
                  00004aa0    0000004c     sysbios.aem4f : BIOS.obj (.text:ti_sysbios_heaps_HeapMem_getStats__E)
                  00004aec    00000004     --HOLE-- [fill = 0]
                  00004af0    0000004c                   : BIOS.obj (.text:ti_sysbios_knl_Swi_runLoop__I)
                  00004b3c    00000004     --HOLE-- [fill = 0]
                  00004b40    0000004c                   : BIOS.obj (.text:ti_sysbios_knl_Task_allBlockedFunction__I)
                  00004b8c    00000048     driverlib.lib : gpio.obj (.text:GPIOPinConfigure)
                  00004bd4    00000048                   : i2c.obj (.text:I2CMasterInitExpClk)
                  00004c1c    00000004     --HOLE-- [fill = 0]
                  00004c20    00000048     sysbios.aem4f : BIOS.obj (.text:ti_sysbios_family_arm_lm4_Timer_enableTimers__I)
                  00004c68    00000048                   : BIOS.obj (.text:ti_sysbios_family_arm_m3_Hwi_disableInterrupt__E)
                  00004cb0    00000048                   : BIOS.obj (.text:ti_sysbios_family_arm_m3_Hwi_enableInterrupt__E)
                  00004cf8    00000048                   : BIOS.obj (.text:ti_sysbios_family_arm_m3_Hwi_excReserved__I)
                  00004d40    00000046     ti.targets.arm.rtsarm.aem4f : Core-params.oem4f (.text:xdc_runtime_Core_assignParams__I)
                  00004d86    00000002     --HOLE-- [fill = 0]
                  00004d88    00000044     sysbios.aem4f : BIOS.obj (.text:ti_sysbios_family_arm_lm4_Timer_isrStub__E)
                  00004dcc    00000004     --HOLE-- [fill = 0]
                  00004dd0    00000044                   : BIOS.obj (.text:ti_sysbios_family_arm_m3_Hwi_getStackInfo__E)
                  00004e14    00000004     --HOLE-- [fill = 0]
                  00004e18    00000044                   : BIOS.obj (.text:ti_sysbios_knl_Swi_post__E)
                  00004e5c    00000044     ti.targets.arm.rtsarm.aem4f : Error.oem4f (.text:xdc_runtime_Error_setX__E)
                  00004ea0    00000044                                 : SysMin.oem4f (.text:xdc_runtime_SysMin_flush__E)
                  00004ee4    00000044                                 : Text.oem4f (.text:xdc_runtime_Text_xprintf__I)
                  00004f28    00000040     EK_TM4C123GXL.obj (.text:EK_TM4C123GXL_initGeneral)
                  00004f68    00000040     rtsv7M4_T_le_v4SPD16_eabi.lib : u_divt2.asm.obj (.text)
                  00004fa8    00000040     sysbios.aem4f : BIOS.obj (.text:ti_sysbios_family_arm_lm4_Timer_startup__E)
                  00004fe8    00000040                   : BIOS.obj (.text:ti_sysbios_heaps_HeapMem_Instance_init__E)
                  00005028    0000003c                   : BIOS.obj (.text:ti_sysbios_family_arm_m3_Hwi_excSvCall__I)
                  00005064    00000004     --HOLE-- [fill = 0]
                  00005068    0000003c                   : BIOS.obj (.text:ti_sysbios_heaps_HeapMem_init__I)
                  000050a4    00000004     --HOLE-- [fill = 0]
                  000050a8    0000003c                   : BIOS.obj (.text:ti_sysbios_knl_Swi_restore__E)
                  000050e4    0000003a     drivers_tivaware.aem4f : I2CTiva.oem4f (.text:I2CTiva_completeTransfer)
                  0000511e    00000002     --HOLE-- [fill = 0]
                  00005120    00000038                            : I2C.oem4f (.text:I2C_init)
                  00005158    00000038     rtsv7M4_T_le_v4SPD16_eabi.lib : trgmsg.c.obj (.text:__TI_writemsg)
                  00005190    00000038     sysbios.aem4f : BIOS.obj (.text:ti_sysbios_family_arm_m3_Hwi_excNoIsr__I)
                  000051c8    00000038                   : BIOS.obj (.text:ti_sysbios_knl_Task_processVitalTaskFlag__I)
                  00005200    00000038     ti.targets.arm.rtsarm.aem4f : SysMin.oem4f (.text:xdc_runtime_SysMin_putch__E)
                  00005238    00000038                                 : System.oem4f (.text:xdc_runtime_System_atexit__E)
                  00005270    00000036     drivers_tivaware.aem4f : I2CTiva.oem4f (.text:I2CTiva_close)
                  000052a6    00000002     --HOLE-- [fill = 0]
                  000052a8    00000034     driverlib.lib : sysctl.obj (.text:SysCtlPeripheralEnable)
                  000052dc    00000034     rtsv7M4_T_le_v4SPD16_eabi.lib : trgmsg.c.obj (.text:__TI_readmsg)
                  00005310    00000034     sysbios.aem4f : BIOS.obj (.text:ti_sysbios_family_arm_m3_Hwi_Instance_finalize__E)
                  00005344    00000004     --HOLE-- [fill = 0]
                  00005348    00000034                   : BIOS.obj (.text:ti_sysbios_family_arm_m3_Hwi_excNmi__I)
                  0000537c    00000004     --HOLE-- [fill = 0]
                  00005380    00000034                   : BIOS.obj (.text:ti_sysbios_hal_Hwi_checkStack)
                  000053b4    00000034     ti.targets.arm.rtsarm.aem4f : Core-label.oem4f (.text:xdc_runtime_Core_assignLabel__I)
                  000053e8    00000033                                 : Text.oem4f (.text:xdc_runtime_Text_printVisFxn__I)
                  0000541b    00000005     --HOLE-- [fill = 0]
                  00005420    00000032     sysbios.aem4f : BIOS.obj (.text:ti_sysbios_hal_Hwi_initStack)
                  00005452    00000002     --HOLE-- [fill = 0]
                  00005454    00000030     EK_TM4C123GXL.obj (.text:EK_TM4C123GXL_initGPIO)
                  00005484    00000030     drivers_tivaware.aem4f : I2C.oem4f (.text:I2C_open)
                  000054b4    00000030     i2ctmp006_pem4f.oem4f (.text:ti_sysbios_BIOS_atExitFunc__I)
                  000054e4    00000004     --HOLE-- [fill = 0]
                  000054e8    00000030     sysbios.aem4f : BIOS.obj (.text:ti_sysbios_family_arm_lm4_Timer_stop__E)
                  00005518    00000030                   : BIOS.obj (.text:ti_sysbios_family_arm_m3_TaskSupport_start__E)
                  00005548    00000030     i2ctmp006_pem4f.oem4f (.text:ti_sysbios_gates_GateHwi_Object__create__S)
                  00005578    00000030     i2ctmp006_pem4f.oem4f (.text:ti_sysbios_gates_GateMutex_Object__create__S)
                  000055a8    00000030     sysbios.aem4f : BIOS.obj (.text:ti_sysbios_gates_GateMutex_enter__E)
                  000055d8    00000030     i2ctmp006_pem4f.oem4f (.text:ti_sysbios_heaps_HeapMem_Object__create__S)
                  00005608    00000030     i2ctmp006_pem4f.oem4f (.text:ti_sysbios_knl_Semaphore_construct)
                  00005638    00000030     sysbios.aem4f : BIOS.obj (.text:ti_sysbios_knl_Semaphore_pendTimeout__I)
                  00005668    00000030                   : BIOS.obj (.text:ti_sysbios_knl_Task_unblockI__E)
                  00005698    00000030     ti.targets.arm.rtsarm.aem4f : SysMin.oem4f (.text:xdc_runtime_SysMin_abort__E)
                  000056c8    00000030                                 : System.oem4f (.text:xdc_runtime_System_processAtExit__E)
                  000056f8    0000002c     i2ctmp006_pem4f.oem4f (.text:ti_sysbios_knl_Clock_doTick__I)
                  00005724    0000002c     i2ctmp006_pem4f.oem4f (.text:ti_sysbios_knl_Queue_construct)
                  00005750    0000002c     sysbios.aem4f : BIOS.obj (.text:ti_sysbios_knl_Task_restore__E)
                  0000577c    0000002c     ti.targets.arm.rtsarm.aem4f : Text.oem4f (.text:xdc_runtime_Text_cordText__E)
                  000057a8    0000002a     driverlib.lib : gpio.obj (.text:GPIODirModeSet)
                  000057d2    0000002a     ti.targets.arm.rtsarm.aem4f : System.oem4f (.text:xdc_runtime_System_putchar__I)
                  000057fc    00000004     --HOLE-- [fill = 0]
                  00005800    00000028     sysbios.aem4f : BIOS.obj (.text:ti_sysbios_knl_Swi_Module_startup__E)
                  00005828    00000026                   : m3_Hwi_asm.obj (.text:ti_sysbios_family_arm_m3_Hwi_pendSV__I)
                  0000584e    00000026     ti.targets.arm.rtsarm.aem4f : System.oem4f (.text:xdc_runtime_System_avprintf__E)
                  00005874    00000024     i2ctmp006_pem4f.oem4f (.text:ti_sysbios_BIOS_errorRaiseHook__I)
                  00005898    00000024     i2ctmp006_pem4f.oem4f (.text:ti_sysbios_BIOS_registerRTSLock__I)
                  000058bc    00000024     i2ctmp006_pem4f.oem4f (.text:ti_sysbios_BIOS_removeRTSLock__I)
                  000058e0    00000024     i2ctmp006_pem4f.oem4f (.text:ti_sysbios_BIOS_startFunc__I)
                  00005904    00000024     i2ctmp006_pem4f.oem4f (.text:ti_sysbios_gates_GateMutex_Object__delete__S)
                  00005928    00000024     sysbios.aem4f : BIOS.obj (.text:ti_sysbios_knl_Clock_Module_startup__E)
                  0000594c    00000004     --HOLE-- [fill = 0]
                  00005950    00000024                   : BIOS.obj (.text:ti_sysbios_knl_Semaphore_Instance_init__E)
                  00005974    00000004     --HOLE-- [fill = 0]
                  00005978    00000024                   : BIOS.obj (.text:ti_sysbios_knl_Task_restoreHwi__E)
                  0000599c    00000024     ti.targets.arm.rtsarm.aem4f : System.oem4f (.text:xdc_runtime_System_vprintf__E)
                  000059c0    00000022     sysbios.aem4f : BIOS.obj (.text:ti_sysbios_family_arm_lm4_Timer_write__I)
                  000059e2    00000022     i2ctmp006_pem4f.oem4f (.text:xdc_runtime_SysMin_output__I)
                  00005a04    00000020     i2ctmp006_pem4f.oem4f (.text:ti_sysbios_BIOS_rtsLock__I)
                  00005a24    00000020     sysbios.aem4f : m3_Hwi_asm.obj (.text:ti_sysbios_family_arm_m3_Hwi_excHandlerAsm__I)
                  00005a44    00000004     --HOLE-- [fill = 0]
                  00005a48    00000020                   : BIOS.obj (.text:ti_sysbios_family_arm_m3_Hwi_excHandler__I)
                  00005a68    00000020     i2ctmp006_pem4f.oem4f (.text:ti_sysbios_gates_GateHwi_Object__delete__S)
                  00005a88    00000020     i2ctmp006_pem4f.oem4f (.text:ti_sysbios_heaps_HeapMem_Object__delete__S)
                  00005aa8    00000020     sysbios.aem4f : BIOS.obj (.text:ti_sysbios_knl_Idle_run__E)
                  00005ac8    00000020     i2ctmp006_pem4f.oem4f (.text:ti_sysbios_knl_Semaphore_Object__destruct__S)
                  00005ae8    00000020     ti.targets.arm.rtsarm.aem4f : Registry.oem4f (.text:xdc_runtime_Registry_findById__E)
                  00005b08    00000020                                 : SysMin.oem4f (.text:xdc_runtime_SysMin_Module_startup__E)
                  00005b28    0000001e     sysbios.aem4f : m3_Hwi_asm_switch.obj (.text:ti_sysbios_family_xxx_Hwi_switchAndRunFunc)
                  00005b46    0000001c     drivers_tivaware.aem4f : GPIOTiva.oem4f (.text:getGpioIntIndex)
                  00005b62    00000002     --HOLE-- [fill = 0]
                  00005b64    0000001c     i2ctmp006_pem4f.oem4f (.text:ti_sysbios_family_arm_m3_Hwi_Object__destruct__S)
                  00005b80    0000001c     sysbios.aem4f : BIOS.obj (.text:ti_sysbios_gates_GateMutex_Instance_init__E)
                  00005b9c    0000001c     i2ctmp006_pem4f.oem4f (.text:ti_sysbios_knl_Queue_Object__destruct__S)
                  00005bb8    0000001c     sysbios.aem4f : BIOS.obj (.text:ti_sysbios_knl_Queue_put__E)
                  00005bd4    00000004     --HOLE-- [fill = 0]
                  00005bd8    0000001c                   : BIOS.obj (.text:ti_sysbios_knl_Task_enter__I)
                  00005bf4    0000001c     ti.targets.arm.rtsarm.aem4f : Error.oem4f (.text:xdc_runtime_Error_raiseX__E)
                  00005c10    0000001c                                 : Memory.oem4f (.text:xdc_runtime_Memory_valloc__E)
                  00005c2c    0000001c                                 : SysMin.oem4f (.text:xdc_runtime_SysMin_exit__E)
                  00005c48    0000001c                                 : System.oem4f (.text:xdc_runtime_System_abort__E)
                  00005c64    0000001a     i2ctmp006_pem4f.oem4f (.text:ti_sysbios_family_arm_m3_Hwi_Handle__label__S)
                  00005c7e    0000001a     i2ctmp006_pem4f.oem4f (.text:ti_sysbios_gates_GateHwi_Handle__label__S)
                  00005c98    0000001a     i2ctmp006_pem4f.oem4f (.text:ti_sysbios_gates_GateMutex_Handle__label__S)
                  00005cb2    0000001a     i2ctmp006_pem4f.oem4f (.text:ti_sysbios_heaps_HeapMem_Handle__label__S)
                  00005ccc    0000001a     i2ctmp006_pem4f.oem4f (.text:ti_sysbios_knl_Swi_Handle__label__S)
                  00005ce6    0000001a     i2ctmp006_pem4f.oem4f (.text:ti_sysbios_knl_Task_Handle__label__S)
                  00005d00    0000001a     i2ctmp006_pem4f.oem4f (.text:xdc_runtime_System_aprintf__E)
                  00005d1a    0000001a     i2ctmp006_pem4f.oem4f (.text:xdc_runtime_System_printf__E)
                  00005d34    00000018     rtsv7M4_T_le_v4SPD16_eabi.lib : args_main.c.obj (.text:_args_main)
                  00005d4c    00000018     i2ctmp006_pem4f.oem4f (.text:ti_sysbios_BIOS_rtsUnlock__I)
                  00005d64    00000018     i2ctmp006_pem4f.oem4f (.text:ti_sysbios_family_arm_lm4_Timer_Module__startupDone__F)
                  00005d7c    00000018     i2ctmp006_pem4f.oem4f (.text:ti_sysbios_family_arm_m3_Hwi_Module__startupDone__F)
                  00005d94    00000018     sysbios.aem4f : m3_TaskSupport_asm.obj (.text:ti_sysbios_family_arm_m3_TaskSupport_swap__E)
                  00005dac    00000004     --HOLE-- [fill = 0]
                  00005db0    00000018                   : BIOS.obj (.text:ti_sysbios_gates_GateMutex_leave__E)
                  00005dc8    00000018     ti.targets.arm.rtsarm.aem4f : Error.oem4f (.text:xdc_runtime_Error_check__E)
                  00005de0    00000018                                 : System.oem4f (.text:xdc_runtime_System_exit__E)
                  00005df8    00000018                                 : Text.oem4f (.text:xdc_runtime_Text_ropeText__E)
                  00005e10    00000016     driverlib.lib : i2c.obj (.text:I2CMasterErr)
                  00005e26    00000016     i2ctmp006_pem4f.oem4f (.text:ti_sysbios_BIOS_exitFunc__I)
                  00005e3c    00000016     i2ctmp006.obj (.text:ti_sysbios_knl_Task_Params_init)
                  00005e52    00000014     rtsv7M4_T_le_v4SPD16_eabi.lib : strlen.c.obj (.text:strlen)
                  00005e66    00000002     --HOLE-- [fill = 0]
                  00005e68    00000014     i2ctmp006_pem4f.oem4f (.text:ti_sysbios_family_arm_m3_Hwi_Object__get__S)
                  00005e7c    00000004     --HOLE-- [fill = 0]
                  00005e80    00000014     sysbios.aem4f : BIOS.obj (.text:ti_sysbios_family_arm_m3_Hwi_switchFromBootStack__E)
                  00005e94    00000014     i2ctmp006_pem4f.oem4f (.text:ti_sysbios_heaps_HeapMem_Object__get__S)
                  00005ea8    00000014     i2ctmp006_pem4f.oem4f (.text:ti_sysbios_knl_Swi_Object__get__S)
                  00005ebc    00000012     driverlib.lib : gpio.obj (.text:GPIOPinTypeGPIOInput)
                  00005ece    00000012                   : gpio.obj (.text:GPIOPinTypeI2C)
                  00005ee0    00000012                   : gpio.obj (.text:GPIOPinTypeI2CSCL)
                  00005ef2    00000006                   : gpio.obj (.text:GPIOPinWrite)
                  00005ef8    00000012     sysbios.aem4f : BIOS.obj (.text:ti_sysbios_hal_Hwi_Module_startup__E)
                  00005f0a    00000012     i2ctmp006_pem4f.oem4f (.text:xdc_runtime_Startup_exec__I)
                  00005f1c    00000010     drivers_tivaware.aem4f : I2C.oem4f (.text:I2C_Params_init)
                  00005f2c    00000004     --HOLE-- [fill = 0]
                  00005f30    00000010     sysbios.aem4f : BIOS.obj (.text:ti_sysbios_BIOS_getCpuFreq__E)
                  00005f40    00000010                   : BIOS.obj (.text:ti_sysbios_BIOS_setThreadType__E)
                  00005f50    00000010                   : BIOS.obj (.text:ti_sysbios_BIOS_start__E)
                  00005f60    00000010                   : m3_TaskSupport_asm.obj (.text:ti_sysbios_family_arm_m3_TaskSupport_glue)
                  00005f70    00000010                   : BIOS.obj (.text:ti_sysbios_gates_GateMutex_Instance_finalize__E)
                  00005f80    00000010                   : BIOS.obj (.text:ti_sysbios_knl_Semaphore_Instance_finalize__E)
                  00005f90    00000010                   : BIOS.obj (.text:ti_sysbios_knl_Swi_disable__E)
                  00005fa0    00000010     i2ctmp006_pem4f.oem4f (.text:ti_sysbios_knl_Task_Object__get__S)
                  00005fb0    00000010     sysbios.aem4f : BIOS.obj (.text:ti_sysbios_knl_Task_disable__E)
                  00005fc0    00000010     ti.targets.arm.rtsarm.aem4f : Gate.oem4f (.text:xdc_runtime_Gate_leaveSystem__E)
                  00005fd0    00000010                                 : Memory.oem4f (.text:xdc_runtime_Memory_free__E)
                  00005fe0    00000010                                 : SysMin.oem4f (.text:xdc_runtime_SysMin_ready__E)
                  00005ff0    00000010                                 : System.oem4f (.text:xdc_runtime_System_vsnprintf__E)
                  00006000    00000010     i2ctmp006_pem4f.oem4f (.text:xdc_runtime_Text_visitRope__I)
                  00006010    0000000e     driverlib.lib : gpio.obj (.text:GPIOIntStatus)
                  0000601e    0000000e     rtsv7M4_T_le_v4SPD16_eabi.lib : copy_decompress_none.c.obj (.text:decompress:none:__TI_decompress_none)
                  0000602c    00000004     --HOLE-- [fill = 0]
                  00006030    0000000e     sysbios.aem4f : BIOS.obj (.text:ti_sysbios_knl_Idle_loop__E)
                  0000603e    00000002     --HOLE-- [fill = 0]
                  00006040    0000000e                   : BIOS.obj (.text:ti_sysbios_knl_Queue_empty__E)
                  0000604e    00000002     --HOLE-- [fill = 0]
                  00006050    0000000c     i2ctmp006_pem4f.oem4f (.text:.bootCodeSection:ti_catalog_arm_cortexm4_tiva_ce_Boot_init__I)
                  0000605c    0000000c     rtsv7M4_T_le_v4SPD16_eabi.lib : _lock.c.obj (.text:_register_lock)
                  00006068    0000000c                                   : _lock.c.obj (.text:_register_unlock)
                  00006074    0000000c                                   : copy_zero_init.c.obj (.text:decompress:ZI:__TI_zero_init)
                  00006080    0000000c     sysbios.aem4f : BIOS.obj (.text:ti_sysbios_family_arm_lm4_Timer_getMaxTicks__E)
                  0000608c    0000000c     i2ctmp006_pem4f.oem4f (.text:ti_sysbios_family_arm_m3_Hwi_Params__init__S)
                  00006098    0000000c     sysbios.aem4f : BIOS.obj (.text:ti_sysbios_family_arm_m3_Hwi_disableFxn__E)
                  000060a4    00000004     --HOLE-- [fill = 0]
                  000060a8    0000000c                   : BIOS.obj (.text:ti_sysbios_family_arm_m3_TaskSupport_checkStack__E)
                  000060b4    00000004     --HOLE-- [fill = 0]
                  000060b8    0000000c                   : BIOS.obj (.text:ti_sysbios_family_arm_m3_TaskSupport_getStackAlignment__E)
                  000060c4    00000004     --HOLE-- [fill = 0]
                  000060c8    0000000c                   : BIOS.obj (.text:ti_sysbios_gates_GateHwi_enter__E)
                  000060d4    0000000c     i2ctmp006_pem4f.oem4f (.text:ti_sysbios_knl_Queue_Object__get__S)
                  000060e0    0000000c     i2ctmp006_pem4f.oem4f (.text:ti_sysbios_knl_Semaphore_Params__init__S)
                  000060ec    0000000c     i2ctmp006_pem4f.oem4f (.text:ti_sysbios_knl_Task_Params__init__S)
                  000060f8    0000000c     ti.targets.arm.rtsarm.aem4f : Error.oem4f (.text:xdc_runtime_Error_init__E)
                  00006104    0000000c                                 : Gate.oem4f (.text:xdc_runtime_Gate_enterSystem__E)
                  00006110    0000000c                                 : Memory.oem4f (.text:xdc_runtime_Memory_calloc__E)
                  0000611c    0000000c                                 : Memory.oem4f (.text:xdc_runtime_Memory_getMaxDefaultTypeAlign__E)
                  00006128    0000000a     driverlib.lib : i2c.obj (.text:I2CMasterDisable)
                  00006132    0000000a                   : i2c.obj (.text:I2CMasterEnable)
                  0000613c    0000000a     drivers_tivaware.aem4f : I2CTiva.oem4f (.text:I2CTiva_init)
                  00006146    0000000a                            : I2C.oem4f (.text:I2C_close)
                  00006150    0000000a                            : I2C.oem4f (.text:I2C_transfer)
                  0000615a    0000000a     i2ctmp006_pem4f.oem4f (.text:xdc_runtime_IHeap_alloc)
                  00006164    0000000a     i2ctmp006_pem4f.oem4f (.text:xdc_runtime_IHeap_free)
                  0000616e    00000008     driverlib.lib : i2c.obj (.text:I2CMasterIntClear)
                  00006176    00000008                   : i2c.obj (.text:I2CMasterSlaveAddrSet)
                  0000617e    00000008     drivers_tivaware.aem4f : I2CTiva.oem4f (.text:I2CTiva_blockingCallback)
                  00006186    00000008     sysbios.aem4f : BIOS.obj (.text:ti_sysbios_family_arm_lm4_Timer_masterDisable__I)
                  0000618e    00000002     --HOLE-- [fill = 0]
                  00006190    00000008                   : BIOS.obj (.text:ti_sysbios_family_arm_m3_Hwi_doSwiRestore__I)
                  00006198    00000008                   : BIOS.obj (.text:ti_sysbios_family_arm_m3_Hwi_startup__E)
                  000061a0    00000006     driverlib.lib : i2c.obj (.text:I2CMasterIntDisable)
                  000061a6    00000006                   : i2c.obj (.text:I2CMasterIntEnable)
                  000061ac    00000006     drivers_tivaware.aem4f : I2CTiva.oem4f (.text:I2CTiva_control)
                  000061b2    00000006     Boot.aem4f : Boot_sysctl.oem4f (.text:ti_catalog_arm_cortexm4_tiva_ce_Boot_sysCtlDelayI__I)
                  000061b8    00000006     sysbios.aem4f : BIOS.obj (.text:ti_sysbios_family_arm_m3_Hwi_doTaskRestore__I)
                  000061be    00000002     --HOLE-- [fill = 0]
                  000061c0    00000006                   : BIOS.obj (.text:ti_sysbios_family_arm_m3_Hwi_restoreFxn__E)
                  000061c6    00000002     --HOLE-- [fill = 0]
                  000061c8    00000006                   : BIOS.obj (.text:ti_sysbios_gates_GateHwi_leave__E)
                  000061ce    00000002     --HOLE-- [fill = 0]
                  000061d0    00000006                   : BIOS.obj (.text:ti_sysbios_heaps_HeapMem_isBlocking__E)
                  000061d6    00000002     --HOLE-- [fill = 0]
                  000061d8    00000006                   : BIOS.obj (.text:ti_sysbios_knl_Queue_Instance_init__E)
                  000061de    00000002     --HOLE-- [fill = 0]
                  000061e0    00000006                   : BIOS.obj (.text:ti_sysbios_knl_Swi_startup__E)
                  000061e6    00000006     ti.targets.arm.rtsarm.aem4f : System.oem4f (.text:xdc_runtime_System_Module_startup__E)
                  000061ec    00000004     --HOLE-- [fill = 0]
                  000061f0    00000004     sysbios.aem4f : BIOS.obj (.text:ti_sysbios_gates_GateHwi_query__E)
                  000061f4    00000004     --HOLE-- [fill = 0]
                  000061f8    00000004                   : BIOS.obj (.text:ti_sysbios_gates_GateMutex_query__E)
                  000061fc    00000004     --HOLE-- [fill = 0]
                  00006200    00000004                   : BIOS.obj (.text:ti_sysbios_knl_Task_startup__E)
                  00006204    00000004     --HOLE-- [fill = 0]
                  00006208    00000002                   : BIOS.obj (.text:ti_sysbios_gates_GateHwi_Instance_init__E)
                  0000620a    00000006     --HOLE-- [fill = 0]
                  00006210    00000002                   : BIOS.obj (.text:ti_sysbios_knl_Clock_logTick__E)

.const     0    00006214    00001f12     
                  00006214    00001861     i2ctmp006_pem4f.oem4f (.const:xdc_runtime_Text_charTab__A)
                  00007a75    00000001     i2ctmp006_pem4f.oem4f (.const:xdc_runtime_Error_policy__C)
                  00007a76    000000bc     i2ctmp006_pem4f.oem4f (.const:xdc_runtime_Text_nodeTab__A)
                  00007b32    00000002     i2ctmp006_pem4f.oem4f (.const:ti_catalog_arm_cortexm4_tiva_ce_Boot_Module__id__C)
                  00007b34    00000090     driverlib.lib : gpio.obj (.const:g_pui32GPIOBaseAddrs)
                  00007bc4    00000054     drivers_tivaware.aem4f : GPIOTiva.oem4f (.const:.string)
                  00007c18    00000048     i2ctmp006_pem4f.oem4f (.const:.string)
                  00007c60    00000048     drivers_tivaware.aem4f : GPIOTiva.oem4f (.const:gpioBaseAddresses)
                  00007ca8    0000003c     i2ctmp006_pem4f.oem4f (.const:ti_sysbios_knl_Task_Object__PARAMS__C)
                  00007ce4    00000030     i2ctmp006_pem4f.oem4f (.const:ti_sysbios_family_arm_m3_Hwi_Object__PARAMS__C)
                  00007d14    00000028     i2ctmp006_pem4f.oem4f (.const:ti_sysbios_heaps_HeapMem_Module__FXNS__C)
                  00007d3c    00000024     EK_TM4C123GXL.obj (.const:I2C_config)
                  00007d60    00000024     i2ctmp006_pem4f.oem4f (.const:ti_sysbios_gates_GateHwi_Module__FXNS__C)
                  00007d84    00000024     i2ctmp006_pem4f.oem4f (.const:ti_sysbios_gates_GateMutex_Module__FXNS__C)
                  00007da8    00000024     i2ctmp006_pem4f.oem4f (.const:ti_sysbios_heaps_HeapMem_Object__PARAMS__C)
                  00007dcc    00000024     i2ctmp006_pem4f.oem4f (.const:ti_sysbios_knl_Semaphore_Object__PARAMS__C)
                  00007df0    00000020     i2ctmp006_pem4f.oem4f (.const:ti_sysbios_family_arm_m3_Hwi_Object__DESC__C)
                  00007e10    00000020     i2ctmp006_pem4f.oem4f (.const:ti_sysbios_gates_GateHwi_Object__DESC__C)
                  00007e30    00000020     i2ctmp006_pem4f.oem4f (.const:ti_sysbios_gates_GateMutex_Object__DESC__C)
                  00007e50    00000020     i2ctmp006_pem4f.oem4f (.const:ti_sysbios_heaps_HeapMem_Object__DESC__C)
                  00007e70    00000020     i2ctmp006_pem4f.oem4f (.const:ti_sysbios_knl_Queue_Object__DESC__C)
                  00007e90    00000020     i2ctmp006_pem4f.oem4f (.const:ti_sysbios_knl_Semaphore_Object__DESC__C)
                  00007eb0    00000020     i2ctmp006_pem4f.oem4f (.const:ti_sysbios_knl_Task_Object__DESC__C)
                  00007ed0    00000020     i2ctmp006_pem4f.oem4f (.const:xdc_runtime_Startup_sfxnTab__A)
                  00007ef0    0000001c     drivers_tivaware.aem4f : I2CTiva.oem4f (.const)
                  00007f0c    00000018     EK_TM4C123GXL.obj (.const:i2cTivaHWAttrs)
                  00007f24    00000018     i2ctmp006_pem4f.oem4f (.const:ti_sysbios_gates_GateHwi_Object__PARAMS__C)
                  00007f3c    00000018     i2ctmp006_pem4f.oem4f (.const:ti_sysbios_gates_GateMutex_Object__PARAMS__C)
                  00007f54    00000018     i2ctmp006_pem4f.oem4f (.const:ti_sysbios_knl_Queue_Object__PARAMS__C)
                  00007f6c    00000014     EK_TM4C123GXL.obj (.const:GPIOTiva_config)
                  00007f80    00000014     i2ctmp006_pem4f.oem4f (.const:xdc_runtime_Startup_firstFxns__A)
                  00007f94    00000010     drivers_tivaware.aem4f : I2C.oem4f (.const)
                  00007fa4    00000010     i2ctmp006_pem4f.oem4f (.const:xdc_runtime_Startup_sfxnRts__A)
                  00007fb4    00000008     i2ctmp006_pem4f.oem4f (.const:ti_sysbios_family_arm_m3_Hwi_excHookFuncs__A)
                  00007fbc    00000008     i2ctmp006_pem4f.oem4f (.const:ti_sysbios_knl_Idle_funcList__C)
                  00007fc4    00000008     i2ctmp006_pem4f.oem4f (.const:xdc_runtime_Startup_firstFxns__C)
                  00007fcc    00000008     i2ctmp006_pem4f.oem4f (.const:xdc_runtime_Startup_lastFxns__C)
                  00007fd4    00000004     i2ctmp006_pem4f.oem4f (.const:ti_catalog_arm_cortexm4_tiva_ce_Boot_A_mustUseEnhancedClockMode__C)
                  00007fd8    00000004     i2ctmp006_pem4f.oem4f (.const:ti_catalog_arm_cortexm4_tiva_ce_Boot_Module__diagsEnabled__C)
                  00007fdc    00000004     i2ctmp006_pem4f.oem4f (.const:ti_catalog_arm_cortexm4_tiva_ce_Boot_Module__diagsIncluded__C)
                  00007fe0    00000004     i2ctmp006_pem4f.oem4f (.const:ti_catalog_arm_cortexm4_tiva_ce_Boot_Module__diagsMask__C)
                  00007fe4    00000004     i2ctmp006_pem4f.oem4f (.const:ti_sysbios_family_arm_lm4_Timer_enableFunc__C)
                  00007fe8    00000004     i2ctmp006_pem4f.oem4f (.const:ti_sysbios_family_arm_lm4_Timer_numTimerDevices__C)
                  00007fec    00000004     i2ctmp006_pem4f.oem4f (.const:ti_sysbios_family_arm_lm4_Timer_startupNeeded__C)
                  00007ff0    00000004     i2ctmp006_pem4f.oem4f (.const:ti_sysbios_family_arm_m3_Hwi_E_NMI__C)
                  00007ff4    00000004     i2ctmp006_pem4f.oem4f (.const:ti_sysbios_family_arm_m3_Hwi_E_alreadyDefined__C)
                  00007ff8    00000004     i2ctmp006_pem4f.oem4f (.const:ti_sysbios_family_arm_m3_Hwi_E_busFault__C)
                  00007ffc    00000004     i2ctmp006_pem4f.oem4f (.const:ti_sysbios_family_arm_m3_Hwi_E_debugMon__C)
                  00008000    00000004     i2ctmp006_pem4f.oem4f (.const:ti_sysbios_family_arm_m3_Hwi_E_hardFault__C)
                  00008004    00000004     i2ctmp006_pem4f.oem4f (.const:ti_sysbios_family_arm_m3_Hwi_E_memFault__C)
                  00008008    00000004     i2ctmp006_pem4f.oem4f (.const:ti_sysbios_family_arm_m3_Hwi_E_noIsr__C)
                  0000800c    00000004     i2ctmp006_pem4f.oem4f (.const:ti_sysbios_family_arm_m3_Hwi_E_reserved__C)
                  00008010    00000004     i2ctmp006_pem4f.oem4f (.const:ti_sysbios_family_arm_m3_Hwi_E_svCall__C)
                  00008014    00000004     i2ctmp006_pem4f.oem4f (.const:ti_sysbios_family_arm_m3_Hwi_E_usageFault__C)
                  00008018    00000004     i2ctmp006_pem4f.oem4f (.const:ti_sysbios_family_arm_m3_Hwi_NUM_INTERRUPTS__C)
                  0000801c    00000004     i2ctmp006_pem4f.oem4f (.const:ti_sysbios_family_arm_m3_Hwi_Object__count__C)
                  00008020    00000004     i2ctmp006_pem4f.oem4f (.const:ti_sysbios_family_arm_m3_Hwi_ccr__C)
                  00008024    00000004     i2ctmp006_pem4f.oem4f (.const:ti_sysbios_family_arm_m3_Hwi_excHandlerFunc__C)
                  00008028    00000004     i2ctmp006_pem4f.oem4f (.const:ti_sysbios_family_arm_m3_Hwi_excHookFuncs__C)
                  0000802c    00000004     i2ctmp006_pem4f.oem4f (.const:ti_sysbios_family_arm_m3_Hwi_nullIsrFunc__C)
                  00008030    00000004     i2ctmp006_pem4f.oem4f (.const:ti_sysbios_family_arm_m3_Hwi_priGroup__C)
                  00008034    00000004     i2ctmp006_pem4f.oem4f (.const:ti_sysbios_family_arm_m3_TaskSupport_stackAlignment__C)
                  00008038    00000004     i2ctmp006_pem4f.oem4f (.const:ti_sysbios_gates_GateMutex_Instance_State_sem__O)
                  0000803c    00000004     i2ctmp006_pem4f.oem4f (.const:ti_sysbios_hal_Hwi_E_stackOverflow__C)
                  00008040    00000004     i2ctmp006_pem4f.oem4f (.const:ti_sysbios_heaps_HeapMem_E_memory__C)
                  00008044    00000004     i2ctmp006_pem4f.oem4f (.const:ti_sysbios_heaps_HeapMem_Module__gateObj__C)
                  00008048    00000004     i2ctmp006_pem4f.oem4f (.const:ti_sysbios_heaps_HeapMem_Object__count__C)
                  0000804c    00000004     i2ctmp006_pem4f.oem4f (.const:ti_sysbios_heaps_HeapMem_reqAlign__C)
                  00008050    00000004     i2ctmp006_pem4f.oem4f (.const:ti_sysbios_knl_Clock_Module_State_clockQ__O)
                  00008054    00000004     i2ctmp006_pem4f.oem4f (.const:ti_sysbios_knl_Idle_funcList__A)
                  00008058    00000004     i2ctmp006_pem4f.oem4f (.const:ti_sysbios_knl_Semaphore_Instance_State_pendQ__O)
                  0000805c    00000004     i2ctmp006_pem4f.oem4f (.const:ti_sysbios_knl_Swi_Object__count__C)
                  00008060    00000004     i2ctmp006_pem4f.oem4f (.const:ti_sysbios_knl_Task_E_spOutOfBounds__C)
                  00008064    00000004     i2ctmp006_pem4f.oem4f (.const:ti_sysbios_knl_Task_E_stackOverflow__C)
                  00008068    00000004     i2ctmp006_pem4f.oem4f (.const:ti_sysbios_knl_Task_Module_State_inactiveQ__O)
                  0000806c    00000004     i2ctmp006_pem4f.oem4f (.const:ti_sysbios_knl_Task_Object__count__C)
                  00008070    00000004     i2ctmp006_pem4f.oem4f (.const:ti_sysbios_knl_Task_allBlockedFunc__C)
                  00008074    00000004     i2ctmp006_pem4f.oem4f (.const:ti_sysbios_knl_Task_defaultStackHeap__C)
                  00008078    00000004     i2ctmp006_pem4f.oem4f (.const:ti_sysbios_knl_Task_defaultStackSize__C)
                  0000807c    00000004     i2ctmp006_pem4f.oem4f (.const:ti_sysbios_knl_Task_numConstructedTasks__C)
                  00008080    00000004     i2ctmp006_pem4f.oem4f (.const:xdc_runtime_Assert_E_assertFailed__C)
                  00008084    00000004     i2ctmp006_pem4f.oem4f (.const:xdc_runtime_Core_A_initializedParams__C)
                  00008088    00000004     i2ctmp006_pem4f.oem4f (.const:xdc_runtime_Core_Module__diagsEnabled__C)
                  0000808c    00000004     i2ctmp006_pem4f.oem4f (.const:xdc_runtime_Core_Module__diagsIncluded__C)
                  00008090    00000004     i2ctmp006_pem4f.oem4f (.const:xdc_runtime_Core_Module__diagsMask__C)
                  00008094    00000004     i2ctmp006_pem4f.oem4f (.const:xdc_runtime_Error_E_memory__C)
                  00008098    00000004     i2ctmp006_pem4f.oem4f (.const:xdc_runtime_Error_Module__diagsEnabled__C)
                  0000809c    00000004     i2ctmp006_pem4f.oem4f (.const:xdc_runtime_Error_Module__diagsIncluded__C)
                  000080a0    00000004     i2ctmp006_pem4f.oem4f (.const:xdc_runtime_Error_Module__diagsMask__C)
                  000080a4    00000004     i2ctmp006_pem4f.oem4f (.const:xdc_runtime_Error_Module__loggerFxn8__C)
                  000080a8    00000004     i2ctmp006_pem4f.oem4f (.const:xdc_runtime_Error_Module__loggerObj__C)
                  000080ac    00000004     i2ctmp006_pem4f.oem4f (.const:xdc_runtime_Error_policyFxn__C)
                  000080b0    00000004     i2ctmp006_pem4f.oem4f (.const:xdc_runtime_Error_raiseHook__C)
                  000080b4    00000004     i2ctmp006_pem4f.oem4f (.const:xdc_runtime_IGateProvider_Interface__BASE__C)
                  000080b8    00000004     i2ctmp006_pem4f.oem4f (.const:xdc_runtime_IHeap_Interface__BASE__C)
                  000080bc    00000004     i2ctmp006_pem4f.oem4f (.const:xdc_runtime_IModule_Interface__BASE__C)
                  000080c0    00000004     i2ctmp006_pem4f.oem4f (.const:xdc_runtime_Log_L_error__C)
                  000080c4    00000004     i2ctmp006_pem4f.oem4f (.const:xdc_runtime_Memory_defaultHeapInstance__C)
                  000080c8    00000004     i2ctmp006_pem4f.oem4f (.const:xdc_runtime_Startup_execImpl__C)
                  000080cc    00000004     i2ctmp006_pem4f.oem4f (.const:xdc_runtime_Startup_maxPasses__C)
                  000080d0    00000004     i2ctmp006_pem4f.oem4f (.const:xdc_runtime_Startup_sfxnRts__C)
                  000080d4    00000004     i2ctmp006_pem4f.oem4f (.const:xdc_runtime_Startup_sfxnTab__C)
                  000080d8    00000004     i2ctmp006_pem4f.oem4f (.const:xdc_runtime_SysMin_bufSize__C)
                  000080dc    00000004     i2ctmp006_pem4f.oem4f (.const:xdc_runtime_SysMin_outputFunc__C)
                  000080e0    00000004     i2ctmp006_pem4f.oem4f (.const:xdc_runtime_System_Module__gateObj__C)
                  000080e4    00000004     i2ctmp006_pem4f.oem4f (.const:xdc_runtime_System_abortFxn__C)
                  000080e8    00000004     i2ctmp006_pem4f.oem4f (.const:xdc_runtime_System_exitFxn__C)
                  000080ec    00000004     i2ctmp006_pem4f.oem4f (.const:xdc_runtime_System_extendFxn__C)
                  000080f0    00000004     i2ctmp006_pem4f.oem4f (.const:xdc_runtime_System_maxAtexitHandlers__C)
                  000080f4    00000004     i2ctmp006_pem4f.oem4f (.const:xdc_runtime_Text_charTab__C)
                  000080f8    00000004     i2ctmp006_pem4f.oem4f (.const:xdc_runtime_Text_nameEmpty__C)
                  000080fc    00000004     i2ctmp006_pem4f.oem4f (.const:xdc_runtime_Text_nameStatic__C)
                  00008100    00000004     i2ctmp006_pem4f.oem4f (.const:xdc_runtime_Text_nameUnknown__C)
                  00008104    00000004     i2ctmp006_pem4f.oem4f (.const:xdc_runtime_Text_nodeTab__C)
                  00008108    00000004     i2ctmp006_pem4f.oem4f (.const:xdc_runtime_Text_visitRopeFxn__C)
                  0000810c    00000002     i2ctmp006_pem4f.oem4f (.const:ti_sysbios_family_arm_m3_Hwi_Module__id__C)
                  0000810e    00000002     i2ctmp006_pem4f.oem4f (.const:ti_sysbios_hal_Hwi_Module__id__C)
                  00008110    00000002     i2ctmp006_pem4f.oem4f (.const:ti_sysbios_heaps_HeapMem_Module__id__C)
                  00008112    00000002     i2ctmp006_pem4f.oem4f (.const:ti_sysbios_knl_Task_Module__id__C)
                  00008114    00000002     i2ctmp006_pem4f.oem4f (.const:xdc_runtime_Core_Module__id__C)
                  00008116    00000002     i2ctmp006_pem4f.oem4f (.const:xdc_runtime_Error_Module__loggerDefined__C)
                  00008118    00000002     i2ctmp006_pem4f.oem4f (.const:xdc_runtime_Error_maxDepth__C)
                  0000811a    00000002     i2ctmp006_pem4f.oem4f (.const:xdc_runtime_Memory_Module__id__C)
                  0000811c    00000002     i2ctmp006_pem4f.oem4f (.const:xdc_runtime_SysMin_flushAtExit__C)
                  0000811e    00000002     i2ctmp006_pem4f.oem4f (.const:xdc_runtime_Text_charCnt__C)
                  00008120    00000002     i2ctmp006_pem4f.oem4f (.const:xdc_runtime_Text_isLoaded__C)
                  00008122    00000002     i2ctmp006_pem4f.oem4f (.const:xdc_runtime_Text_registryModsLastId__C)
                  00008124    00000002     i2ctmp006_pem4f.oem4f (.const:xdc_runtime_Text_unnamedModsLastId__C)

.cinit     0    00008128    00000208     
                  00008128    000001cd     (.cinit..data.load) [load image, compression = lzss]
                  000082f5    00000003     --HOLE-- [fill = 0]
                  000082f8    0000000c     (__TI_handler_table)
                  00008304    00000004     --HOLE-- [fill = 0]
                  00008308    00000008     (.cinit..bss.load) [load image, compression = zero_init]
                  00008310    00000008     (.cinit..vecs.load) [load image, compression = zero_init]
                  00008318    00000018     (__TI_cinit_table)

.init_array 
*          0    00000000    00000000     UNINITIALIZED

.resetVecs 
*          0    00000000    0000003c     
                  00000000    0000003c     i2ctmp006_pem4f.oem4f (.resetVecs)

.bss       0    20000360    000029ec     UNINITIALIZED
                  20000360    00001900     (.common:task0Stack)
                  20001c60    00000800     (.common:ti_sysbios_heaps_HeapMem_Instance_State_0_buf__A)
                  20002460    00000360     (.common:ti_sysbios_family_arm_m3_Hwi_dispatchTable)
                  200027c0    00000200     i2ctmp006_pem4f.oem4f (.bss:taskStackSection)
                  200029c0    00000120     rtsv7M4_T_le_v4SPD16_eabi.lib : trgmsg.c.obj (.bss:_CIOBUF_)
                  20002ae0    00000100     (.common:i2cTivaObjects)
                  20002be0    00000090     drivers_tivaware.aem4f : GPIOTiva.oem4f (.bss:gpioCallbackInfo)
                  20002c70    00000080     (.common:xdc_runtime_SysMin_Module_State_0_outbuf__A)
                  20002cf0    00000050     (.common:task0Struct)
                  20002d40    00000008     (.common:parmbuf)
                  20002d48    00000004     (.common:gpioInterruptVectors)

.data      0    20002d4c    0000040a     UNINITIALIZED
                  20002d4c    00000080     i2ctmp006_pem4f.oem4f (.data:ti_sysbios_knl_Swi_Module_State_0_readyQ__A)
                  20002dcc    00000080     i2ctmp006_pem4f.oem4f (.data:ti_sysbios_knl_Task_Module_State_0_readyQ__A)
                  20002e4c    0000004c     i2ctmp006_pem4f.oem4f (.data:ti_sysbios_knl_Task_Object__table__V)
                  20002e98    00000044     i2ctmp006_pem4f.oem4f (.data:ti_sysbios_knl_Task_Module__state__V)
                  20002edc    00000040     i2ctmp006_pem4f.oem4f (.data:ti_sysbios_family_arm_lm4_Timer_Object__table__V)
                  20002f1c    00000038     i2ctmp006_pem4f.oem4f (.data:ti_sysbios_gates_GateMutex_Object__table__V)
                  20002f54    00000034     i2ctmp006_pem4f.oem4f (.data:ti_sysbios_family_arm_m3_Hwi_Module__state__V)
                  20002f88    00000030     i2ctmp006_pem4f.oem4f (.data:ti_sysbios_family_arm_lm4_Timer_Module_State_0_device__A)
                  20002fb8    00000030     i2ctmp006_pem4f.oem4f (.data:ti_sysbios_knl_Swi_Object__table__V)
                  20002fe8    0000002c     i2ctmp006_pem4f.oem4f (.data:ti_sysbios_knl_Clock_Module__state__V)
                  20003014    00000024     i2ctmp006_pem4f.oem4f (.data:ti_sysbios_BIOS_Module__state__V)
                  20003038    0000001c     i2ctmp006_pem4f.oem4f (.data:ti_sysbios_knl_Swi_Module__state__V)
                  20003054    00000018     i2ctmp006_pem4f.oem4f (.data:ti_sysbios_family_arm_lm4_Timer_Module_State_0_handles__A)
                  2000306c    00000018     i2ctmp006_pem4f.oem4f (.data:ti_sysbios_family_arm_m3_Hwi_Object__table__V)
                  20003084    00000018     i2ctmp006_pem4f.oem4f (.data:ti_sysbios_heaps_HeapMem_Object__table__V)
                  2000309c    00000014     EK_TM4C123GXL.obj (.data:gpioPinConfigs)
                  200030b0    0000000c     i2ctmp006_pem4f.oem4f (.data:ti_sysbios_family_arm_lm4_Timer_Module__state__V)
                  200030bc    0000000c     i2ctmp006_pem4f.oem4f (.data:xdc_runtime_SysMin_Module__state__V)
                  200030c8    00000008     rtsv7M4_T_le_v4SPD16_eabi.lib : _lock.c.obj (.data:$O1$$)
                  200030d0    00000008     EK_TM4C123GXL.obj (.data:gpioCallbackFunctions)
                  200030d8    00000008     i2ctmp006_pem4f.oem4f (.data:ti_sysbios_family_arm_m3_Hwi_Module__root__V)
                  200030e0    00000008     i2ctmp006_pem4f.oem4f (.data:ti_sysbios_gates_GateHwi_Module__root__V)
                  200030e8    00000008     i2ctmp006_pem4f.oem4f (.data:ti_sysbios_gates_GateMutex_Module__root__V)
                  200030f0    00000008     i2ctmp006_pem4f.oem4f (.data:ti_sysbios_heaps_HeapMem_Module__root__V)
                  200030f8    00000008     i2ctmp006_pem4f.oem4f (.data:ti_sysbios_knl_Queue_Module__root__V)
                  20003100    00000008     i2ctmp006_pem4f.oem4f (.data:ti_sysbios_knl_Semaphore_Module__root__V)
                  20003108    00000008     i2ctmp006_pem4f.oem4f (.data:ti_sysbios_knl_Task_Module__root__V)
                  20003110    00000008     i2ctmp006_pem4f.oem4f (.data:xdc_runtime_Registry_Module__state__V)
                  20003118    00000008     i2ctmp006_pem4f.oem4f (.data:xdc_runtime_Startup_Module__state__V)
                  20003120    00000008     i2ctmp006_pem4f.oem4f (.data:xdc_runtime_System_Module_State_0_atexitHandlers__A)
                  20003128    00000008     i2ctmp006_pem4f.oem4f (.data:xdc_runtime_System_Module__state__V)
                  20003130    00000005     drivers_tivaware.aem4f : GPIOTiva.oem4f (.data)
                  20003135    00000001     --HOLE--
                  20003136    00000002     i2ctmp006_pem4f.oem4f (.data:ti_sysbios_family_arm_m3_Hwi_Module_State_0_excActive__A)
                  20003138    00000004     drivers_tivaware.aem4f : I2C.oem4f (.data)
                  2000313c    00000004     rtsv7M4_T_le_v4SPD16_eabi.lib : stkdepth_vars.c.obj (.data)
                  20003140    00000004     i2ctmp006_pem4f.oem4f (.data:ti_sysbios_family_arm_m3_Hwi_Module_State_0_excContext__A)
                  20003144    00000004     i2ctmp006_pem4f.oem4f (.data:ti_sysbios_family_arm_m3_Hwi_Module_State_0_excStack__A)
                  20003148    00000004     i2ctmp006_pem4f.oem4f (.data:ti_sysbios_gates_GateHwi_Object__table__V)
                  2000314c    00000004     i2ctmp006_pem4f.oem4f (.data:ti_sysbios_knl_Task_Module_State_0_idleTask__A)
                  20003150    00000004     i2ctmp006_pem4f.oem4f (.data:xdc_runtime_Memory_Module__state__V)
                  20003154    00000002     i2ctmp006_pem4f.oem4f (.data:xdc_runtime_Error_Module__state__V)

.stack     0    20003158    00000300     UNINITIALIZED
                  20003158    00000300     --HOLE--

.bootVecs 
*          0    00000000    00000008     DSECT
                  00000000    00000008     boot.aem4f : boot.oem4f (.bootVecs)

.vecs      0    20000000    00000360     UNINITIALIZED
                  20000000    00000360     i2ctmp006_pem4f.oem4f (.vecs)

xdc.meta   0    00000000    000000ef     COPY SECTION
                  00000000    000000ef     i2ctmp006_pem4f.oem4f (xdc.meta)

__llvm_prf_cnts 
*          0    20000000    00000000     UNINITIALIZED

MODULE SUMMARY

       Module                       code    ro data   rw data
       ------                       ----    -------   -------
    ./
       i2ctmp006.obj                5414    0         6480   
       EK_TM4C123GXL.obj            236     80        284    
    +--+----------------------------+-------+---------+---------+
       Total:                       5650    80        6764   
                                                             
    /home/guest/ide/default/i2ctmp006_EK_TM4C123GXL_TI/Debug/configPkg/package/cfg/
       i2ctmp006_pem4f.oem4f        1786    7590      5400   
    +--+----------------------------+-------+---------+---------+
       Total:                       1786    7590      5400   
                                                             
    /home/guest/ide/default/i2ctmp006_EK_TM4C123GXL_TI/src/sysbios/sysbios.aem4f
       BIOS.obj                     8826    0         0      
       m3_Hwi_asm.obj               314     0         0      
       m3_TaskSupport_asm.obj       180     0         0      
       m3_Hwi_asm_switch.obj        118     0         0      
    +--+----------------------------+-------+---------+---------+
       Total:                       9438    0         0      
                                                             
    /mnt/ccs/ccs/tools/compiler/ti-cgt-arm_20.2.5.LTS/lib/rtsv7M4_T_le_v4SPD16_eabi.lib
       trgmsg.c.obj                 108     0         288    
       memcpy_t2.asm.obj            156     0         0      
       memset_t2.asm.obj            122     0         0      
       copy_decompress_lzss.c.obj   104     0         0      
       hostwrite.c.obj              88      0         0      
       cpy_tbl.c.obj                76      0         0      
       u_divt2.asm.obj              64      0         0      
       _lock.c.obj                  26      0         8      
       args_main.c.obj              24      0         0      
       strlen.c.obj                 20      0         0      
       copy_decompress_none.c.obj   14      0         0      
       copy_zero_init.c.obj         12      0         0      
       hostopen.c.obj               0       0         8      
       exit.c.obj                   4       0         0      
       stkdepth_vars.c.obj          0       0         4      
       div0.asm.obj                 2       0         0      
    +--+----------------------------+-------+---------+---------+
       Total:                       820     0         308    
                                                             
    /mnt/tirex-content/tirtos_tivac_2_16_00_08/products/TivaWare_C_Series-2.1.1.71b/driverlib/ccs/Debug/driverlib.lib
       gpio.obj                     584     144       0      
       i2c.obj                      154     0         0      
       sysctl.obj                   52      0         0      
    +--+----------------------------+-------+---------+---------+
       Total:                       790     144       0      
                                                             
    /mnt/tirex-content/tirtos_tivac_2_16_00_08/products/bios_6_45_01_29/packages/ti/catalog/arm/cortexm4/tiva/ce/lib/Boot.aem4f
       Boot_sysctl.oem4f            262     0         0      
       Boot.oem4f                   152     0         0      
    +--+----------------------------+-------+---------+---------+
       Total:                       414     0         0      
                                                             
    /mnt/tirex-content/tirtos_tivac_2_16_00_08/products/bios_6_45_01_29/packages/ti/targets/arm/rtsarm/lib/auto_init.aem4f
       auto_init.oem4f              160     0         0      
    +--+----------------------------+-------+---------+---------+
       Total:                       160     0         0      
                                                             
    /mnt/tirex-content/tirtos_tivac_2_16_00_08/products/bios_6_45_01_29/packages/ti/targets/arm/rtsarm/lib/boot.aem4f
       boot.oem4f                   88      0         0      
    +--+----------------------------+-------+---------+---------+
       Total:                       88      0         0      
                                                             
    /mnt/tirex-content/tirtos_tivac_2_16_00_08/products/bios_6_45_01_29/packages/ti/targets/arm/rtsarm/lib/ti.targets.arm.rtsarm.aem4f
       System.oem4f                 1255    0         0      
       Text.oem4f                   672     0         0      
       Error.oem4f                  524     0         0      
       Core-mem.oem4f               358     0         0      
       Startup.oem4f                328     0         0      
       SysMin.oem4f                 248     0         0      
       Core-smem.oem4f              204     0         0      
       Memory.oem4f                 176     0         0      
       Assert.oem4f                 84      0         0      
       Core-params.oem4f            70      0         0      
       Core-label.oem4f             52      0         0      
       Registry.oem4f               32      0         0      
       Gate.oem4f                   28      0         0      
    +--+----------------------------+-------+---------+---------+
       Total:                       4031    0         0      
                                                             
    /mnt/tirex-content/tirtos_tivac_2_16_00_08/products/tidrivers_tivac_2_16_00_08/packages/ti/drivers/lib/drivers_tivaware.aem4f
       GPIOTiva.oem4f               764     156       153    
       I2CTiva.oem4f                798     28        0      
       I2C.oem4f                    140     16        4      
    +--+----------------------------+-------+---------+---------+
       Total:                       1702    200       157    
                                                             
       Stack:                       0       0         768    
       Linker Generated:            0       513       0      
    +--+----------------------------+-------+---------+---------+
       Grand Total:                 24879   8527      13397  


LINKER GENERATED COPY TABLES

__TI_cinit_table @ 00008318 records: 3, size/record: 8, table size: 24
	.data: load addr=00008128, load size=000001cd bytes, run addr=20002d4c, run size=0000040a bytes, compression=lzss
	.bss: load addr=00008308, load size=00000008 bytes, run addr=20000360, run size=000029ec bytes, compression=zero_init
	.vecs: load addr=00008310, load size=00000008 bytes, run addr=20000000, run size=00000360 bytes, compression=zero_init


LINKER GENERATED HANDLER TABLE

__TI_handler_table @ 000082f8 records: 3, size/record: 4, table size: 12
	index: 0, handler: __TI_decompress_lzss
	index: 1, handler: __TI_decompress_none
	index: 2, handler: __TI_zero_init


GLOBAL SYMBOLS: SORTED ALPHABETICALLY BY Name 

address   name                                                              
-------   ----                                                              
00001f7d  C$$EXIT                                                           
00005187  C$$IO$$                                                           
00005455  EK_TM4C123GXL_initGPIO                                            
00004f29  EK_TM4C123GXL_initGeneral                                         
00003c9d  EK_TM4C123GXL_initI2C                                             
000057a9  GPIODirModeSet                                                    
00002ec3  GPIOIntClear                                                      
00006011  GPIOIntStatus                                                     
00004769  GPIOIntTypeSet                                                    
000024d9  GPIOPadConfigSet                                                  
00004b8d  GPIOPinConfigure                                                  
00005ebd  GPIOPinTypeGPIOInput                                              
00005ecf  GPIOPinTypeI2C                                                    
00005ee1  GPIOPinTypeI2CSCL                                                 
00005ef3  GPIOPinWrite                                                      
00007f6c  GPIOTiva_config                                                   
00004175  GPIO_hwiIntFxn                                                    
00003a7d  GPIO_init                                                         
000048bd  GPIO_setCallback                                                  
0000223d  GPIO_setConfig                                                    
0000490d  GPIO_write                                                        
00004609  HOSTwrite                                                         
0000148d  I2CMasterControl                                                  
00001c0d  I2CMasterDataGet                                                  
00001e05  I2CMasterDataPut                                                  
00006129  I2CMasterDisable                                                  
00006133  I2CMasterEnable                                                   
00005e11  I2CMasterErr                                                      
00004bd5  I2CMasterInitExpClk                                               
0000616f  I2CMasterIntClear                                                 
000061a1  I2CMasterIntDisable                                               
000061a7  I2CMasterIntEnable                                                
00006177  I2CMasterSlaveAddrSet                                             
00005271  I2CTiva_close                                                     
000061ad  I2CTiva_control                                                   
00007ef0  I2CTiva_fxnTable                                                  
0000613d  I2CTiva_init                                                      
00002d0d  I2CTiva_open                                                      
00003c1d  I2CTiva_transfer                                                  
00005f1d  I2C_Params_init                                                   
00006147  I2C_close                                                         
00007d3c  I2C_config                                                        
00007f94  I2C_defaultParams                                                 
00005121  I2C_init                                                          
00005485  I2C_open                                                          
00006151  I2C_transfer                                                      
UNDEFED   SHT$$INIT_ARRAY$$Base                                             
UNDEFED   SHT$$INIT_ARRAY$$Limit                                            
000052a9  SysCtlPeripheralEnable                                            
00000000  __ASM__                                                           
200029c0  __CIOBUF_                                                         
0000006d  __ISA__                                                           
00000080  __PLAT__                                                          
20003458  __STACK_END                                                       
00000300  __STACK_SIZE                                                      
000000a1  __TARG__                                                          
00008318  __TI_CINIT_Base                                                   
00008330  __TI_CINIT_Limit                                                  
000082f8  __TI_Handler_Table_Base                                           
00008304  __TI_Handler_Table_Limit                                          
000035a5  __TI_auto_init                                                    
000040a5  __TI_decompress_lzss                                              
0000601f  __TI_decompress_none                                              
ffffffff  __TI_pprof_out_hndl                                               
ffffffff  __TI_prof_data_size                                               
ffffffff  __TI_prof_data_start                                              
000052dd  __TI_readmsg                                                      
00008128  __TI_static_base__                                                
00005159  __TI_writemsg                                                     
00006075  __TI_zero_init                                                    
000000c7  __TRDR__                                                          
00003c9b  __aeabi_idiv0                                                     
00003c9b  __aeabi_ldiv0                                                     
00003d95  __aeabi_memclr                                                    
00003d95  __aeabi_memclr4                                                   
00003d95  __aeabi_memclr8                                                   
000036e5  __aeabi_memcpy                                                    
000036e5  __aeabi_memcpy4                                                   
000036e5  __aeabi_memcpy8                                                   
00003d97  __aeabi_memset                                                    
00003d97  __aeabi_memset4                                                   
00003d97  __aeabi_memset8                                                   
00004f69  __aeabi_uidiv                                                     
00004f69  __aeabi_uidivmod                                                  
ffffffff  __binit__                                                         
ffffffff  __c_args__                                                        
20003158  __stack                                                           
20000000  __start___llvm_prf_cnts                                           
20000000  __stop___llvm_prf_cnts                                            
00005d35  _args_main                                                        
00004661  _c_int00                                                          
200030c8  _lock                                                             
0000381b  _nop                                                              
0000605d  _register_lock                                                    
00006069  _register_unlock                                                  
200030cc  _unlock                                                           
00001f7d  abort                                                             
ffffffff  binit                                                             
00004a51  copy_in                                                           
200030d0  gpioCallbackFunctions                                             
2000309c  gpioPinConfigs                                                    
00007f0c  i2cTivaHWAttrs                                                    
20002ae0  i2cTivaObjects                                                    
00003139  main                                                              
2000313c  main_func_sp                                                      
000036e5  memcpy                                                            
00003d9d  memset                                                            
00005fb1  osi_TaskDisable                                                   
00005f51  osi_start                                                         
20002d40  parmbuf                                                           
00005e53  strlen                                                            
20000360  task0Stack                                                        
20002cf0  task0Struct                                                       
00000041  taskFxn                                                           
00007fd4  ti_catalog_arm_cortexm4_tiva_ce_Boot_A_mustUseEnhancedClockMode__C
00007fd8  ti_catalog_arm_cortexm4_tiva_ce_Boot_Module__diagsEnabled__C      
00007fdc  ti_catalog_arm_cortexm4_tiva_ce_Boot_Module__diagsIncluded__C     
00007fe0  ti_catalog_arm_cortexm4_tiva_ce_Boot_Module__diagsMask__C         
00007b32  ti_catalog_arm_cortexm4_tiva_ce_Boot_Module__id__C                
00006051  ti_catalog_arm_cortexm4_tiva_ce_Boot_init__I                      
00002829  ti_catalog_arm_cortexm4_tiva_ce_Boot_sysCtlClockSetI__I           
0000381d  ti_catalog_arm_cortexm4_tiva_ce_Boot_sysCtlClockSet__E            
000061b3  ti_catalog_arm_cortexm4_tiva_ce_Boot_sysCtlDelayI__I              
20003014  ti_sysbios_BIOS_Module__state__V                                  
00005c99  ti_sysbios_BIOS_RtsGateProxy_Handle__label__S                     
00005905  ti_sysbios_BIOS_RtsGateProxy_Object__delete__S                    
000020e5  ti_sysbios_BIOS_RtsGateProxy_enter__E                             
0000238d  ti_sysbios_BIOS_RtsGateProxy_leave__E                             
000061f9  ti_sysbios_BIOS_RtsGateProxy_query__E                             
000054b5  ti_sysbios_BIOS_atExitFunc__I                                     
00005875  ti_sysbios_BIOS_errorRaiseHook__I                                 
00005e27  ti_sysbios_BIOS_exitFunc__I                                       
00005f31  ti_sysbios_BIOS_getCpuFreq__E                                     
00003e0f  ti_sysbios_BIOS_nullFunc__I                                       
00005899  ti_sysbios_BIOS_registerRTSLock__I                                
000058bd  ti_sysbios_BIOS_removeRTSLock__I                                  
00005a05  ti_sysbios_BIOS_rtsLock__I                                        
00005d4d  ti_sysbios_BIOS_rtsUnlock__I                                      
00005f41  ti_sysbios_BIOS_setThreadType__E                                  
000058e1  ti_sysbios_BIOS_startFunc__I                                      
00005f51  ti_sysbios_BIOS_start__E                                          
20002f88  ti_sysbios_family_arm_lm4_Timer_Module_State_0_device__A          
20003054  ti_sysbios_family_arm_lm4_Timer_Module_State_0_handles__A         
00005d65  ti_sysbios_family_arm_lm4_Timer_Module__startupDone__F            
00005d65  ti_sysbios_family_arm_lm4_Timer_Module__startupDone__S            
200030b0  ti_sysbios_family_arm_lm4_Timer_Module__state__V                  
000041d9  ti_sysbios_family_arm_lm4_Timer_Module_startup__E                 
20002edc  ti_sysbios_family_arm_lm4_Timer_Object__table__V                  
00007fe4  ti_sysbios_family_arm_lm4_Timer_enableFunc__C                     
00004c21  ti_sysbios_family_arm_lm4_Timer_enableTimers__I                   
000034f9  ti_sysbios_family_arm_lm4_Timer_enableTiva__I                     
00006081  ti_sysbios_family_arm_lm4_Timer_getMaxTicks__E                    
000047c1  ti_sysbios_family_arm_lm4_Timer_initDevice__I                     
00004d89  ti_sysbios_family_arm_lm4_Timer_isrStub__E                        
00006187  ti_sysbios_family_arm_lm4_Timer_masterDisable__I                  
00002f9d  ti_sysbios_family_arm_lm4_Timer_masterEnable__I                   
00007fe8  ti_sysbios_family_arm_lm4_Timer_numTimerDevices__C                
00002721  ti_sysbios_family_arm_lm4_Timer_start__E                          
00007fec  ti_sysbios_family_arm_lm4_Timer_startupNeeded__C                  
00004fa9  ti_sysbios_family_arm_lm4_Timer_startup__E                        
000054e9  ti_sysbios_family_arm_lm4_Timer_stop__E                           
000059c1  ti_sysbios_family_arm_lm4_Timer_write__I                          
00007ff0  ti_sysbios_family_arm_m3_Hwi_E_NMI__C                             
00007ff4  ti_sysbios_family_arm_m3_Hwi_E_alreadyDefined__C                  
00007ff8  ti_sysbios_family_arm_m3_Hwi_E_busFault__C                        
00007ffc  ti_sysbios_family_arm_m3_Hwi_E_debugMon__C                        
00008000  ti_sysbios_family_arm_m3_Hwi_E_hardFault__C                       
00008004  ti_sysbios_family_arm_m3_Hwi_E_memFault__C                        
00008008  ti_sysbios_family_arm_m3_Hwi_E_noIsr__C                           
0000800c  ti_sysbios_family_arm_m3_Hwi_E_reserved__C                        
00008010  ti_sysbios_family_arm_m3_Hwi_E_svCall__C                          
00008014  ti_sysbios_family_arm_m3_Hwi_E_usageFault__C                      
00005c65  ti_sysbios_family_arm_m3_Hwi_Handle__label__S                     
00005311  ti_sysbios_family_arm_m3_Hwi_Instance_finalize__E                 
000038b9  ti_sysbios_family_arm_m3_Hwi_Instance_init__E                     
20003136  ti_sysbios_family_arm_m3_Hwi_Module_State_0_excActive__A          
20003140  ti_sysbios_family_arm_m3_Hwi_Module_State_0_excContext__A         
20003144  ti_sysbios_family_arm_m3_Hwi_Module_State_0_excStack__A           
0000810c  ti_sysbios_family_arm_m3_Hwi_Module__id__C                        
200030d8  ti_sysbios_family_arm_m3_Hwi_Module__root__V                      
00005d7d  ti_sysbios_family_arm_m3_Hwi_Module__startupDone__F               
[...]
00005fb1  ti_sysbios_knl_Task_disable__E                                    
00005fc1  xdc_runtime_Gate_leaveSystem__E                                   
00005fd1  xdc_runtime_Memory_free__E                                        
00005fe1  xdc_runtime_SysMin_ready__E                                       
00005fe1  xdc_runtime_System_SupportProxy_ready__E                          
00005ff1  xdc_runtime_System_vsnprintf__E                                   
00006001  xdc_runtime_Text_visitRope__I                                     
00006011  GPIOIntStatus                                                     
0000601f  __TI_decompress_none                                              
00006031  ti_sysbios_knl_Idle_loop__E                                       
00006041  ti_sysbios_knl_Queue_empty__E                                     
00006051  ti_catalog_arm_cortexm4_tiva_ce_Boot_init__I                      
0000605d  _register_lock                                                    
00006069  _register_unlock                                                  
00006075  __TI_zero_init                                                    
00006081  ti_sysbios_family_arm_lm4_Timer_getMaxTicks__E                    
0000608d  ti_sysbios_family_arm_m3_Hwi_Params__init__S                      
0000608d  ti_sysbios_hal_Hwi_HwiProxy_Params__init__S                       
00006099  ti_sysbios_family_arm_m3_Hwi_disableFxn__E                        
00006099  ti_sysbios_hal_Hwi_HwiProxy_disable__E                            
000060a9  ti_sysbios_family_arm_m3_TaskSupport_checkStack__E                
000060a9  ti_sysbios_knl_Task_SupportProxy_checkStack__E                    
000060b9  ti_sysbios_family_arm_m3_TaskSupport_getStackAlignment__E         
000060b9  ti_sysbios_knl_Task_SupportProxy_getStackAlignment__E             
000060c9  ti_sysbios_gates_GateHwi_enter__E                                 
000060d5  ti_sysbios_knl_Queue_Object__get__S                               
000060e1  ti_sysbios_knl_Semaphore_Params__init__S                          
000060ed  ti_sysbios_knl_Task_Params__init__S                               
000060f9  xdc_runtime_Error_init__E                                         
00006105  xdc_runtime_Gate_enterSystem__E                                   
00006111  xdc_runtime_Memory_calloc__E                                      
0000611d  xdc_runtime_Memory_getMaxDefaultTypeAlign__E                      
00006129  I2CMasterDisable                                                  
00006133  I2CMasterEnable                                                   
0000613d  I2CTiva_init                                                      
00006147  I2C_close                                                         
00006151  I2C_transfer                                                      
0000615b  xdc_runtime_Memory_HeapProxy_alloc__E                             
00006165  xdc_runtime_Memory_HeapProxy_free__E                              
0000616f  I2CMasterIntClear                                                 
00006177  I2CMasterSlaveAddrSet                                             
00006187  ti_sysbios_family_arm_lm4_Timer_masterDisable__I                  
00006191  ti_sysbios_family_arm_m3_Hwi_doSwiRestore__I                      
00006199  ti_sysbios_family_arm_m3_Hwi_startup__E                           
00006199  ti_sysbios_hal_Hwi_HwiProxy_startup__E                            
00006199  ti_sysbios_hal_Hwi_startup__E                                     
000061a1  I2CMasterIntDisable                                               
000061a7  I2CMasterIntEnable                                                
000061ad  I2CTiva_control                                                   
000061b3  ti_catalog_arm_cortexm4_tiva_ce_Boot_sysCtlDelayI__I              
000061b9  ti_sysbios_family_arm_m3_Hwi_doTaskRestore__I                     
000061c1  ti_sysbios_family_arm_m3_Hwi_restoreFxn__E                        
000061c1  ti_sysbios_hal_Hwi_HwiProxy_restore__E                            
000061c9  ti_sysbios_gates_GateHwi_leave__E                                 
000061d1  ti_sysbios_heaps_HeapMem_isBlocking__E                            
000061d9  ti_sysbios_knl_Queue_Instance_init__E                             
000061e1  ti_sysbios_knl_Swi_startup__E                                     
000061e7  xdc_runtime_System_Module_startup__E                              
000061f1  ti_sysbios_gates_GateHwi_query__E                                 
000061f1  xdc_runtime_Main_Module_GateProxy_query__E                        
000061f1  xdc_runtime_System_Module_GateProxy_query__E                      
000061f9  ti_sysbios_BIOS_RtsGateProxy_query__E                             
000061f9  ti_sysbios_gates_GateMutex_query__E                               
000061f9  ti_sysbios_heaps_HeapMem_Module_GateProxy_query__E                
00006201  ti_sysbios_knl_Task_startup__E                                    
00006209  ti_sysbios_gates_GateHwi_Instance_init__E                         
00006211  ti_sysbios_knl_Clock_logTick__E                                   
00006214  xdc_runtime_Text_charTab__A                                       
00007a75  xdc_runtime_Error_policy__C                                       
00007a76  xdc_runtime_Text_nodeTab__A                                       
00007b32  ti_catalog_arm_cortexm4_tiva_ce_Boot_Module__id__C                
00007ca8  ti_sysbios_knl_Task_Object__PARAMS__C                             
00007ce4  ti_sysbios_family_arm_m3_Hwi_Object__PARAMS__C                    
00007d14  ti_sysbios_heaps_HeapMem_Module__FXNS__C                          
00007d3c  I2C_config                                                        
00007d60  ti_sysbios_gates_GateHwi_Module__FXNS__C                          
00007d84  ti_sysbios_gates_GateMutex_Module__FXNS__C                        
00007da8  ti_sysbios_heaps_HeapMem_Object__PARAMS__C                        
00007dcc  ti_sysbios_knl_Semaphore_Object__PARAMS__C                        
00007df0  ti_sysbios_family_arm_m3_Hwi_Object__DESC__C                      
00007e10  ti_sysbios_gates_GateHwi_Object__DESC__C                          
00007e30  ti_sysbios_gates_GateMutex_Object__DESC__C                        
00007e50  ti_sysbios_heaps_HeapMem_Object__DESC__C                          
00007e70  ti_sysbios_knl_Queue_Object__DESC__C                              
00007e90  ti_sysbios_knl_Semaphore_Object__DESC__C                          
00007eb0  ti_sysbios_knl_Task_Object__DESC__C                               
00007ed0  xdc_runtime_Startup_sfxnTab__A                                    
00007ef0  I2CTiva_fxnTable                                                  
00007f0c  i2cTivaHWAttrs                                                    
00007f24  ti_sysbios_gates_GateHwi_Object__PARAMS__C                        
00007f3c  ti_sysbios_gates_GateMutex_Object__PARAMS__C                      
00007f54  ti_sysbios_knl_Queue_Object__PARAMS__C                            
00007f6c  GPIOTiva_config                                                   
00007f80  xdc_runtime_Startup_firstFxns__A                                  
00007f94  I2C_defaultParams                                                 
00007fa4  xdc_runtime_Startup_sfxnRts__A                                    
00007fb4  ti_sysbios_family_arm_m3_Hwi_excHookFuncs__A                      
00007fbc  ti_sysbios_knl_Idle_funcList__C                                   
00007fc4  xdc_runtime_Startup_firstFxns__C                                  
00007fcc  xdc_runtime_Startup_lastFxns__C                                   
00007fd4  ti_catalog_arm_cortexm4_tiva_ce_Boot_A_mustUseEnhancedClockMode__C
00007fd8  ti_catalog_arm_cortexm4_tiva_ce_Boot_Module__diagsEnabled__C      
00007fdc  ti_catalog_arm_cortexm4_tiva_ce_Boot_Module__diagsIncluded__C     
00007fe0  ti_catalog_arm_cortexm4_tiva_ce_Boot_Module__diagsMask__C         
00007fe4  ti_sysbios_family_arm_lm4_Timer_enableFunc__C                     
00007fe8  ti_sysbios_family_arm_lm4_Timer_numTimerDevices__C                
00007fec  ti_sysbios_family_arm_lm4_Timer_startupNeeded__C                  
00007ff0  ti_sysbios_family_arm_m3_Hwi_E_NMI__C                             
00007ff4  ti_sysbios_family_arm_m3_Hwi_E_alreadyDefined__C                  
00007ff8  ti_sysbios_family_arm_m3_Hwi_E_busFault__C                        
00007ffc  ti_sysbios_family_arm_m3_Hwi_E_debugMon__C                        
00008000  ti_sysbios_family_arm_m3_Hwi_E_hardFault__C                       
00008004  ti_sysbios_family_arm_m3_Hwi_E_memFault__C                        
00008008  ti_sysbios_family_arm_m3_Hwi_E_noIsr__C                           
0000800c  ti_sysbios_family_arm_m3_Hwi_E_reserved__C                        
00008010  ti_sysbios_family_arm_m3_Hwi_E_svCall__C                          
00008014  ti_sysbios_family_arm_m3_Hwi_E_usageFault__C                      
00008018  ti_sysbios_family_arm_m3_Hwi_NUM_INTERRUPTS__C                    
0000801c  ti_sysbios_family_arm_m3_Hwi_Object__count__C                     
00008020  ti_sysbios_family_arm_m3_Hwi_ccr__C                               
00008024  ti_sysbios_family_arm_m3_Hwi_excHandlerFunc__C                    
00008028  ti_sysbios_family_arm_m3_Hwi_excHookFuncs__C                      
0000802c  ti_sysbios_family_arm_m3_Hwi_nullIsrFunc__C                       
00008030  ti_sysbios_family_arm_m3_Hwi_priGroup__C                          
00008034  ti_sysbios_family_arm_m3_TaskSupport_stackAlignment__C            
00008038  ti_sysbios_gates_GateMutex_Instance_State_sem__O                  
0000803c  ti_sysbios_hal_Hwi_E_stackOverflow__C                             
00008040  ti_sysbios_heaps_HeapMem_E_memory__C                              
00008044  ti_sysbios_heaps_HeapMem_Module__gateObj__C                       
00008048  ti_sysbios_heaps_HeapMem_Object__count__C                         
0000804c  ti_sysbios_heaps_HeapMem_reqAlign__C                              
00008050  ti_sysbios_knl_Clock_Module_State_clockQ__O                       
00008054  ti_sysbios_knl_Idle_funcList__A                                   
00008058  ti_sysbios_knl_Semaphore_Instance_State_pendQ__O                  
0000805c  ti_sysbios_knl_Swi_Object__count__C                               
00008060  ti_sysbios_knl_Task_E_spOutOfBounds__C                            
00008064  ti_sysbios_knl_Task_E_stackOverflow__C                            
00008068  ti_sysbios_knl_Task_Module_State_inactiveQ__O                     
0000806c  ti_sysbios_knl_Task_Object__count__C                              
00008070  ti_sysbios_knl_Task_allBlockedFunc__C                             
00008074  ti_sysbios_knl_Task_defaultStackHeap__C                           
00008078  ti_sysbios_knl_Task_defaultStackSize__C                           
0000807c  ti_sysbios_knl_Task_numConstructedTasks__C                        
00008080  xdc_runtime_Assert_E_assertFailed__C                              
00008084  xdc_runtime_Core_A_initializedParams__C                           
00008088  xdc_runtime_Core_Module__diagsEnabled__C                          
0000808c  xdc_runtime_Core_Module__diagsIncluded__C                         
00008090  xdc_runtime_Core_Module__diagsMask__C                             
00008094  xdc_runtime_Error_E_memory__C                                     
00008098  xdc_runtime_Error_Module__diagsEnabled__C                         
0000809c  xdc_runtime_Error_Module__diagsIncluded__C                        
000080a0  xdc_runtime_Error_Module__diagsMask__C                            
000080a4  xdc_runtime_Error_Module__loggerFxn8__C                           
000080a8  xdc_runtime_Error_Module__loggerObj__C                            
000080ac  xdc_runtime_Error_policyFxn__C                                    
000080b0  xdc_runtime_Error_raiseHook__C                                    
000080b4  xdc_runtime_IGateProvider_Interface__BASE__C                      
000080b8  xdc_runtime_IHeap_Interface__BASE__C                              
000080bc  xdc_runtime_IModule_Interface__BASE__C                            
000080c0  xdc_runtime_Log_L_error__C                                        
000080c4  xdc_runtime_Memory_defaultHeapInstance__C                         
000080c8  xdc_runtime_Startup_execImpl__C                                   
000080cc  xdc_runtime_Startup_maxPasses__C                                  
000080d0  xdc_runtime_Startup_sfxnRts__C                                    
000080d4  xdc_runtime_Startup_sfxnTab__C                                    
000080d8  xdc_runtime_SysMin_bufSize__C                                     
000080dc  xdc_runtime_SysMin_outputFunc__C                                  
000080e0  xdc_runtime_System_Module__gateObj__C                             
000080e4  xdc_runtime_System_abortFxn__C                                    
000080e8  xdc_runtime_System_exitFxn__C                                     
000080ec  xdc_runtime_System_extendFxn__C                                   
000080f0  xdc_runtime_System_maxAtexitHandlers__C                           
000080f4  xdc_runtime_Text_charTab__C                                       
000080f8  xdc_runtime_Text_nameEmpty__C                                     
000080fc  xdc_runtime_Text_nameStatic__C                                    
00008100  xdc_runtime_Text_nameUnknown__C                                   
00008104  xdc_runtime_Text_nodeTab__C                                       
00008108  xdc_runtime_Text_visitRopeFxn__C                                  
0000810c  ti_sysbios_family_arm_m3_Hwi_Module__id__C                        
0000810e  ti_sysbios_hal_Hwi_Module__id__C                                  
00008110  ti_sysbios_heaps_HeapMem_Module__id__C                            
00008112  ti_sysbios_knl_Task_Module__id__C                                 
00008114  xdc_runtime_Core_Module__id__C                                    
00008116  xdc_runtime_Error_Module__loggerDefined__C                        
00008118  xdc_runtime_Error_maxDepth__C                                     
0000811a  xdc_runtime_Memory_Module__id__C                                  
0000811c  xdc_runtime_SysMin_flushAtExit__C                                 
0000811e  xdc_runtime_Text_charCnt__C                                       
00008120  xdc_runtime_Text_isLoaded__C                                      
00008122  xdc_runtime_Text_registryModsLastId__C                            
00008124  xdc_runtime_Text_unnamedModsLastId__C                             
00008128  __TI_static_base__                                                
000082f8  __TI_Handler_Table_Base                                           
00008304  __TI_Handler_Table_Limit                                          
00008318  __TI_CINIT_Base                                                   
00008330  __TI_CINIT_Limit                                                  
20000000  __start___llvm_prf_cnts                                           
20000000  __stop___llvm_prf_cnts                                            
20000000  ti_sysbios_family_arm_m3_Hwi_ramVectors                           
20000360  task0Stack                                                        
20001c60  ti_sysbios_heaps_HeapMem_Instance_State_0_buf__A                  
20002460  ti_sysbios_family_arm_m3_Hwi_dispatchTable                        
200027c0  ti_sysbios_knl_Task_Instance_State_0_stack__A                     
200029c0  __CIOBUF_                                                         
20002ae0  i2cTivaObjects                                                    
20002c70  xdc_runtime_SysMin_Module_State_0_outbuf__A                       
20002cf0  task0Struct                                                       
20002d40  parmbuf                                                           
20002d4c  ti_sysbios_knl_Swi_Module_State_0_readyQ__A                       
20002dcc  ti_sysbios_knl_Task_Module_State_0_readyQ__A                      
20002e4c  ti_sysbios_knl_Task_Object__table__V                              
20002e98  ti_sysbios_knl_Task_Module__state__V                              
20002edc  ti_sysbios_family_arm_lm4_Timer_Object__table__V                  
20002f1c  ti_sysbios_gates_GateMutex_Object__table__V                       
20002f54  ti_sysbios_family_arm_m3_Hwi_Module__state__V                     
20002f88  ti_sysbios_family_arm_lm4_Timer_Module_State_0_device__A          
20002fb8  ti_sysbios_knl_Swi_Object__table__V                               
20002fe8  ti_sysbios_knl_Clock_Module__state__V                             
20003014  ti_sysbios_BIOS_Module__state__V                                  
20003038  ti_sysbios_knl_Swi_Module__state__V                               
20003054  ti_sysbios_family_arm_lm4_Timer_Module_State_0_handles__A         
2000306c  ti_sysbios_family_arm_m3_Hwi_Object__table__V                     
20003084  ti_sysbios_heaps_HeapMem_Object__table__V                         
2000309c  gpioPinConfigs                                                    
200030b0  ti_sysbios_family_arm_lm4_Timer_Module__state__V                  
200030bc  xdc_runtime_SysMin_Module__state__V                               
200030c8  _lock                                                             
200030cc  _unlock                                                           
200030d0  gpioCallbackFunctions                                             
200030d8  ti_sysbios_family_arm_m3_Hwi_Module__root__V                      
200030e0  ti_sysbios_gates_GateHwi_Module__root__V                          
200030e8  ti_sysbios_gates_GateMutex_Module__root__V                        
200030f0  ti_sysbios_heaps_HeapMem_Module__root__V                          
200030f8  ti_sysbios_knl_Queue_Module__root__V                              
20003100  ti_sysbios_knl_Semaphore_Module__root__V                          
20003108  ti_sysbios_knl_Task_Module__root__V                               
20003110  xdc_runtime_Registry_Module__state__V                             
20003118  xdc_runtime_Startup_Module__state__V                              
20003120  xdc_runtime_System_Module_State_0_atexitHandlers__A               
20003128  xdc_runtime_System_Module__state__V                               
20003136  ti_sysbios_family_arm_m3_Hwi_Module_State_0_excActive__A          
2000313c  main_func_sp                                                      
20003140  ti_sysbios_family_arm_m3_Hwi_Module_State_0_excContext__A         
20003144  ti_sysbios_family_arm_m3_Hwi_Module_State_0_excStack__A           
20003148  ti_sysbios_gates_GateHwi_Object__table__V                         
2000314c  ti_sysbios_knl_Task_Module_State_0_idleTask__A                    
20003150  xdc_runtime_Memory_Module__state__V                               
20003154  xdc_runtime_Error_Module__state__V                                
20003158  __stack                                                           
20003458  __STACK_END                                                       
e000e000  ti_sysbios_family_arm_m3_Hwi_nvic                                 
ffffffff  __TI_pprof_out_hndl                                               
ffffffff  __TI_prof_data_size                                               
ffffffff  __TI_prof_data_start                                              
ffffffff  __binit__                                                         
ffffffff  __c_args__                                                        
ffffffff  binit                                                             
UNDEFED   SHT$$INIT_ARRAY$$Base                                             
UNDEFED   SHT$$INIT_ARRAY$$Limit                                            

[548 symbols]
